=== F1-OS Performance Log ===
Started: Wed  8 Oct 23:36:01 BST 2025

=== System Info ===
Model		: Raspberry Pi 4 Model B Rev 1.5
gpu=256M
temp=59.9'C

--- 23:36:01 ---
 2  0      0 6550896  50372 884248    0    0     0     4 2194 2299 18  4 78  0  0
Mem:            7645         464        6379          16         912        7181
temp=61.8'C
frequency(48)=1800404352
Python processes:
kp101      10154  177  0.4 237968 33576 pts/1    Rl+  23:36   0:00 python main.py
top - 23:36:02 up 25 min,  2 users,  load average: 0.18, 0.31, 0.45
Threads:   4 total,   1 running,   3 sleeping,   0 stopped,   0 zombie
%Cpu(s): 33.3 us,  0.0 sy,  0.0 ni, 66.7 id,  0.0 wa,  0.0 hi,  0.0 si,  0.0 st 
MiB Mem :   7645.2 total,   6372.6 free,    470.8 used,    912.7 buff/cache     
MiB Swap:    512.0 total,    512.0 free,      0.0 used.   7174.4 avail Mem 

    PID USER      PR  NI    VIRT    RES    SHR S  %CPU  %MEM     TIME+ COMMAND
  10154 kp101     20   0  578212  64712  36348 R  81.2   0.8   0:00.74 python
  10155 kp101     20   0  578212  64732  36344 S   0.0   0.8   0:00.07 python
  10156 kp101     20   0  578212  64796  36392 S   0.0   0.8   0:00.07 python
  10157 kp101     20   0  578212  64860  36444 S   0.0   0.8   0:00.07 python

--- 23:36:04 ---
 3  0      0 6474932  50396 884716    0    0     0   136 5040 3617 26  0 73  0  0
Mem:            7645         523        6319          17         913        7121
temp=63.7'C
frequency(48)=1800457088
Python processes:
kp101      10154  101  1.7 1196540 136472 pts/1  Sl+  23:36   0:03 python main.py
top - 23:36:06 up 25 min,  2 users,  load average: 0.48, 0.37, 0.47
Threads:  10 total,   1 running,   9 sleeping,   0 stopped,   0 zombie
%Cpu(s):  0.0 us,100.0 sy,  0.0 ni,  0.0 id,  0.0 wa,  0.0 hi,  0.0 si,  0.0 st 
MiB Mem :   7645.2 total,   6318.2 free,    525.1 used,    913.2 buff/cache     
MiB Swap:    512.0 total,    512.0 free,      0.0 used.   7120.1 avail Mem 

    PID USER      PR  NI    VIRT    RES    SHR S  %CPU  %MEM     TIME+ COMMAND
  10154 kp101     20   0 1197092 136904  72608 S  99.9   1.7   0:03.93 python
  10197 kp101     20   0 1197092 136904  72608 S  53.3   1.7   0:01.01 python
  10199 kp101     20   0 1197092 136904  72608 S  46.7   1.7   0:00.74 python
  10202 kp101     20   0 1197092 136904  72608 R   6.7   1.7   0:00.51 python
  10155 kp101     20   0 1197092 136904  72608 S   0.0   1.7   0:00.07 python
  10156 kp101     20   0 1197092 136904  72608 S   0.0   1.7   0:00.07 python
  10157 kp101     20   0 1197092 136904  72608 S   0.0   1.7   0:00.07 python
  10196 kp101     20   0 1197092 136904  72608 S   0.0   1.7   0:00.00 threade+
  10198 kp101     20   0 1197092 136904  72608 S   0.0   1.7   0:00.00 threade+
  10200 kp101     20   0 1197092 136904  72608 S   0.0   1.7   0:00.00 threade+

--- 23:36:08 ---
 2  0      0 6469180  50412 884708    0    0     0     0 5410 4113 26  0 73  0  0
Mem:            7645         525        6317          17         913        7119
temp=63.3'C
frequency(48)=1800404352
Python processes:
kp101      10154  101  1.7 1197092 137280 pts/1  Sl+  23:36   0:07 python main.py
top - 23:36:09 up 25 min,  2 users,  load average: 0.52, 0.38, 0.47
Threads:  10 total,   1 running,   9 sleeping,   0 stopped,   0 zombie
%Cpu(s):  0.0 us,  0.0 sy,  0.0 ni,100.0 id,  0.0 wa,  0.0 hi,  0.0 si,  0.0 st 
MiB Mem :   7645.2 total,   6316.0 free,    527.3 used,    913.2 buff/cache     
MiB Swap:    512.0 total,    512.0 free,      0.0 used.   7117.9 avail Mem 

    PID USER      PR  NI    VIRT    RES    SHR S  %CPU  %MEM     TIME+ COMMAND
  10154 kp101     20   0 1275828 149560  83096 S  93.8   1.9   0:07.23 python
  10202 kp101     20   0 1275828 149560  83096 R  37.5   1.9   0:01.85 python
  10197 kp101     20   0 1275828 149560  83096 S  31.2   1.9   0:01.96 python
  10199 kp101     20   0 1275828 149560  83096 S   6.2   1.9   0:01.58 python
  10155 kp101     20   0 1275828 149560  83096 S   0.0   1.9   0:00.07 python
  10156 kp101     20   0 1275828 149560  83096 S   0.0   1.9   0:00.07 python
  10157 kp101     20   0 1275828 149560  83096 S   0.0   1.9   0:00.07 python
  10196 kp101     20   0 1275828 149560  83096 S   0.0   1.9   0:00.00 threade+
  10198 kp101     20   0 1275828 149560  83096 S   0.0   1.9   0:00.00 threade+
  10200 kp101     20   0 1275828 149560  83096 S   0.0   1.9   0:00.00 threade+

--- 23:36:11 ---
 2  0      0 6467204  50420 884724    0    0     0     0 5344 4106 26  2 73  0  0
Mem:            7645         527        6315          17         913        7117
temp=65.2'C
frequency(48)=1800404352
Python processes:
kp101      10154  100  2.0 1280920 158200 pts/1  Sl+  23:36   0:10 python main.py
top - 23:36:12 up 25 min,  2 users,  load average: 0.52, 0.38, 0.47
Threads:  10 total,   1 running,   9 sleeping,   0 stopped,   0 zombie
%Cpu(s): 50.0 us,  0.0 sy,  0.0 ni, 50.0 id,  0.0 wa,  0.0 hi,  0.0 si,  0.0 st 
MiB Mem :   7645.2 total,   6314.3 free,    529.0 used,    913.2 buff/cache     
MiB Swap:    512.0 total,    512.0 free,      0.0 used.   7116.2 avail Mem 

    PID USER      PR  NI    VIRT    RES    SHR S  %CPU  %MEM     TIME+ COMMAND
  10154 kp101     20   0 1280920 158200  90036 S  99.9   2.0   0:10.53 python
  10199 kp101     20   0 1280920 158200  90036 S  53.3   2.0   0:02.93 python
  10197 kp101     20   0 1280920 158200  90036 R  46.7   2.0   0:03.07 python
  10155 kp101     20   0 1280920 158200  90036 S   0.0   2.0   0:00.07 python
  10156 kp101     20   0 1280920 158200  90036 S   0.0   2.0   0:00.07 python
  10157 kp101     20   0 1280920 158200  90036 S   0.0   2.0   0:00.07 python
  10196 kp101     20   0 1280920 158200  90036 S   0.0   2.0   0:00.00 threade+
  10198 kp101     20   0 1280920 158200  90036 S   0.0   2.0   0:00.00 threade+
  10200 kp101     20   0 1280920 158200  90036 S   0.0   2.0   0:00.00 threade+
  10202 kp101     20   0 1280920 158200  90036 S   0.0   2.0   0:02.51 python

--- 23:36:14 ---
 2  0      0 6464528  50420 884732    0    0     0     0 5760 4628 27  1 72  0  0
Mem:            7645         529        6313          17         913        7115
temp=63.7'C
frequency(48)=1800404352
Python processes:
kp101      10154  100  2.0 1282080 158504 pts/1  Sl+  23:36   0:13 python main.py
top - 23:36:16 up 25 min,  2 users,  load average: 0.56, 0.39, 0.48
Threads:  10 total,   1 running,   9 sleeping,   0 stopped,   0 zombie
%Cpu(s): 50.0 us,  0.0 sy,  0.0 ni, 50.0 id,  0.0 wa,  0.0 hi,  0.0 si,  0.0 st 
MiB Mem :   7645.2 total,   6314.8 free,    528.5 used,    913.2 buff/cache     
MiB Swap:    512.0 total,    512.0 free,      0.0 used.   7116.7 avail Mem 

    PID USER      PR  NI    VIRT    RES    SHR S  %CPU  %MEM     TIME+ COMMAND
  10154 kp101     20   0 1282080 158548  90080 S  99.9   2.0   0:13.84 python
  10199 kp101     20   0 1282080 158548  90080 S  53.3   2.0   0:04.01 python
  10197 kp101     20   0 1282080 158548  90080 R  46.7   2.0   0:04.25 python
  10155 kp101     20   0 1282080 158548  90080 S   0.0   2.0   0:00.07 python
  10156 kp101     20   0 1282080 158548  90080 S   0.0   2.0   0:00.07 python
  10157 kp101     20   0 1282080 158548  90080 S   0.0   2.0   0:00.07 python
  10196 kp101     20   0 1282080 158548  90080 S   0.0   2.0   0:00.00 threade+
  10198 kp101     20   0 1282080 158548  90080 S   0.0   2.0   0:00.00 threade+
  10200 kp101     20   0 1282080 158548  90080 S   0.0   2.0   0:00.00 threade+
  10202 kp101     20   0 1282080 158548  90080 S   0.0   2.0   0:03.55 python

--- 23:36:18 ---
 2  0      0 6458904  50428 884772    0    0     0     0 5237 4069 26  1 74  0  0
Mem:            7645         535        6307          17         913        7109
temp=65.2'C
frequency(48)=1800404352
Python processes:
kp101      10154  100  2.0 1283428 159724 pts/1  Sl+  23:36   0:16 python main.py
top - 23:36:19 up 26 min,  2 users,  load average: 0.60, 0.40, 0.48
Threads:  10 total,   2 running,   8 sleeping,   0 stopped,   0 zombie
%Cpu(s):  0.0 us,  0.0 sy,  0.0 ni,100.0 id,  0.0 wa,  0.0 hi,  0.0 si,  0.0 st 
MiB Mem :   7645.2 total,   6305.3 free,    537.9 used,    913.3 buff/cache     
MiB Swap:    512.0 total,    512.0 free,      0.0 used.   7107.3 avail Mem 

    PID USER      PR  NI    VIRT    RES    SHR S  %CPU  %MEM     TIME+ COMMAND
  10154 kp101     20   0 1283428 159780  90096 S  99.9   2.0   0:17.15 python
  10199 kp101     20   0 1283428 159780  90096 S  37.5   2.0   0:05.23 python
  10197 kp101     20   0 1283428 159780  90096 R  31.2   2.0   0:05.32 python
  10202 kp101     20   0 1283428 159780  90096 R  18.8   2.0   0:04.50 python
  10155 kp101     20   0 1283428 159780  90096 S   0.0   2.0   0:00.07 python
  10156 kp101     20   0 1283428 159780  90096 S   0.0   2.0   0:00.07 python
  10157 kp101     20   0 1283428 159780  90096 S   0.0   2.0   0:00.07 python
  10196 kp101     20   0 1283428 159780  90096 S   0.0   2.0   0:00.00 threade+
  10198 kp101     20   0 1283428 159780  90096 S   0.0   2.0   0:00.00 threade+
  10200 kp101     20   0 1283428 159780  90096 S   0.0   2.0   0:00.00 threade+

--- 23:36:21 ---
 6  0      0 6316668  50428 884964    0    0     0    92 9476 12327 74 10 17  0  0
Mem:            7645         712        6130          18         914        6932
temp=69.1'C
frequency(48)=1800404352
Python processes:
kp101      10154 97.5  2.2 1513448 177484 pts/1  Rl+  23:36   0:19 python main.py
top - 23:36:22 up 26 min,  2 users,  load average: 0.60, 0.40, 0.48
Threads:  13 total,   1 running,  12 sleeping,   0 stopped,   0 zombie
%Cpu(s): 50.0 us,  0.0 sy,  0.0 ni, 50.0 id,  0.0 wa,  0.0 hi,  0.0 si,  0.0 st 
MiB Mem :   7645.2 total,   6130.0 free,    713.2 used,    914.6 buff/cache     
MiB Swap:    512.0 total,    512.0 free,      0.0 used.   6932.0 avail Mem 

    PID USER      PR  NI    VIRT    RES    SHR S  %CPU  %MEM     TIME+ COMMAND
  10154 kp101     20   0 1513448 177488 103340 S  87.5   2.3   0:19.88 python
  10199 kp101     20   0 1513448 177488 103340 R  37.5   2.3   0:05.99 python
  10197 kp101     20   0 1513448 177488 103340 S  31.2   2.3   0:06.06 python
  10202 kp101     20   0 1513448 177488 103340 S  18.8   2.3   0:05.23 python
  10155 kp101     20   0 1513448 177488 103340 S   0.0   2.3   0:00.07 python
  10156 kp101     20   0 1513448 177488 103340 S   0.0   2.3   0:00.07 python
  10157 kp101     20   0 1513448 177488 103340 S   0.0   2.3   0:00.07 python
  10196 kp101     20   0 1513448 177488 103340 S   0.0   2.3   0:00.00 threade+
  10198 kp101     20   0 1513448 177488 103340 S   0.0   2.3   0:00.00 threade+
  10200 kp101     20   0 1513448 177488 103340 S   0.0   2.3   0:00.00 threade+
  10385 kp101     20   0 1513448 177488 103340 S   0.0   2.3   0:00.00 QDBusCo+
  10386 kp101     20   0 1513448 177488 103340 S   0.0   2.3   0:00.00 Wayland+
  10387 kp101     20   0 1513448 177488 103340 S   0.0   2.3   0:00.00 Wayland+

--- 23:36:24 ---
 5  0      0 6269496  50484 890372    0    0     0     0 12492 16561 65  3 32  0  0
Mem:            7645         723        6119          22         918        6921
temp=68.6'C
frequency(48)=1800404352
Python processes:
kp101      10154 95.2  2.3 1514948 180192 pts/1  Sl+  23:36   0:22 python main.py
top - 23:36:26 up 26 min,  2 users,  load average: 0.79, 0.44, 0.49
Threads:  13 total,   1 running,  12 sleeping,   0 stopped,   0 zombie
%Cpu(s): 50.0 us, 50.0 sy,  0.0 ni,  0.0 id,  0.0 wa,  0.0 hi,  0.0 si,  0.0 st 
MiB Mem :   7645.2 total,   6117.0 free,    726.1 used,    918.8 buff/cache     
MiB Swap:    512.0 total,    512.0 free,      0.0 used.   6919.1 avail Mem 

    PID USER      PR  NI    VIRT    RES    SHR S  %CPU  %MEM     TIME+ COMMAND
  10154 kp101     20   0 1514948 180192 105992 S  66.7   2.3   0:22.60 python
  10202 kp101     20   0 1514948 180192 105992 R  26.7   2.3   0:05.94 python
  10197 kp101     20   0 1514948 180192 105992 S  13.3   2.3   0:06.87 python
  10199 kp101     20   0 1514948 180192 105992 S  13.3   2.3   0:06.80 python
  10155 kp101     20   0 1514948 180192 105992 S   0.0   2.3   0:00.07 python
  10156 kp101     20   0 1514948 180192 105992 S   0.0   2.3   0:00.07 python
  10157 kp101     20   0 1514948 180192 105992 S   0.0   2.3   0:00.07 python
  10196 kp101     20   0 1514948 180192 105992 S   0.0   2.3   0:00.00 threade+
  10198 kp101     20   0 1514948 180192 105992 S   0.0   2.3   0:00.00 threade+
  10200 kp101     20   0 1514948 180192 105992 S   0.0   2.3   0:00.00 threade+
  10385 kp101     20   0 1514948 180192 105992 S   0.0   2.3   0:00.00 QDBusCo+
  10386 kp101     20   0 1514948 180192 105992 S   0.0   2.3   0:00.00 Wayland+
  10387 kp101     20   0 1514948 180192 105992 S   0.0   2.3   0:00.00 Wayland+

--- 23:36:28 ---
 4  0      0 6261360  50484 890376    0    0     0   280 9096 10439 64  2 34  0  0
Mem:            7645         729        6113          22         918        6916
temp=70.6'C
frequency(48)=1800457088
Python processes:
kp101      10154 93.4  2.3 1514948 180204 pts/1  Sl+  23:36   0:25 python main.py
top - 23:36:29 up 26 min,  2 users,  load average: 1.53, 0.60, 0.54
Threads:  13 total,   2 running,  11 sleeping,   0 stopped,   0 zombie
%Cpu(s):  0.0 us,  0.0 sy,  0.0 ni,100.0 id,  0.0 wa,  0.0 hi,  0.0 si,  0.0 st 
MiB Mem :   7645.2 total,   6112.7 free,    730.4 used,    918.8 buff/cache     
MiB Swap:    512.0 total,    512.0 free,      0.0 used.   6914.8 avail Mem 

    PID USER      PR  NI    VIRT    RES    SHR S  %CPU  %MEM     TIME+ COMMAND
  10154 kp101     20   0 1514948 180204 105996 S  93.3   2.3   0:25.34 python
  10202 kp101     20   0 1514948 180204 105996 R  40.0   2.3   0:06.72 python
  10199 kp101     20   0 1514948 180204 105996 R  33.3   2.3   0:07.64 python
  10197 kp101     20   0 1514948 180204 105996 S  26.7   2.3   0:07.71 python
  10155 kp101     20   0 1514948 180204 105996 S   0.0   2.3   0:00.07 python
  10156 kp101     20   0 1514948 180204 105996 S   0.0   2.3   0:00.07 python
  10157 kp101     20   0 1514948 180204 105996 S   0.0   2.3   0:00.07 python
  10196 kp101     20   0 1514948 180204 105996 S   0.0   2.3   0:00.00 threade+
  10198 kp101     20   0 1514948 180204 105996 S   0.0   2.3   0:00.00 threade+
  10200 kp101     20   0 1514948 180204 105996 S   0.0   2.3   0:00.00 threade+
  10385 kp101     20   0 1514948 180204 105996 S   0.0   2.3   0:00.00 QDBusCo+
  10386 kp101     20   0 1514948 180204 105996 S   0.0   2.3   0:00.00 Wayland+
  10387 kp101     20   0 1514948 180204 105996 S   0.0   2.3   0:00.00 Wayland+

--- 23:36:31 ---
 5  0      0 6257724  50492 890380    0    0     0     0 7919 8987 67  2 31  0  0
Mem:            7645         733        6110          22         918        6912
temp=70.1'C
frequency(48)=1800404352
Python processes:
kp101      10154 92.5  2.3 1514948 180216 pts/1  Sl+  23:36   0:28 python main.py
top - 23:36:32 up 26 min,  2 users,  load average: 1.53, 0.60, 0.54
Threads:  13 total,   2 running,  11 sleeping,   0 stopped,   0 zombie
%Cpu(s):  0.0 us,100.0 sy,  0.0 ni,  0.0 id,  0.0 wa,  0.0 hi,  0.0 si,  0.0 st 
MiB Mem :   7645.2 total,   6107.5 free,    735.7 used,    918.8 buff/cache     
MiB Swap:    512.0 total,    512.0 free,      0.0 used.   6909.5 avail Mem 

    PID USER      PR  NI    VIRT    RES    SHR S  %CPU  %MEM     TIME+ COMMAND
  10154 kp101     20   0 1514948 180216 106000 S  73.3   2.3   0:28.19 python
  10197 kp101     20   0 1514948 180216 106000 S  33.3   2.3   0:08.68 python
  10199 kp101     20   0 1514948 180216 106000 R  20.0   2.3   0:08.54 python
  10202 kp101     20   0 1514948 180216 106000 R  13.3   2.3   0:07.55 python
  10155 kp101     20   0 1514948 180216 106000 S   0.0   2.3   0:00.07 python
  10156 kp101     20   0 1514948 180216 106000 S   0.0   2.3   0:00.07 python
  10157 kp101     20   0 1514948 180216 106000 S   0.0   2.3   0:00.07 python
  10196 kp101     20   0 1514948 180216 106000 S   0.0   2.3   0:00.00 threade+
  10198 kp101     20   0 1514948 180216 106000 S   0.0   2.3   0:00.00 threade+
  10200 kp101     20   0 1514948 180216 106000 S   0.0   2.3   0:00.00 threade+
  10385 kp101     20   0 1514948 180216 106000 S   0.0   2.3   0:00.00 QDBusCo+
  10386 kp101     20   0 1514948 180216 106000 S   0.0   2.3   0:00.00 Wayland+
  10387 kp101     20   0 1514948 180216 106000 S   0.0   2.3   0:00.00 Wayland+

--- 23:36:34 ---
 5  0      0 6255912  50500 890388    0    0     0     0 7763 8617 65  2 34  0  0
Mem:            7645         732        6110          22         918        6912
temp=72.5'C
frequency(48)=1800457088
Python processes:
kp101      10154 91.4  2.3 1514948 180220 pts/1  Sl+  23:36   0:30 python main.py
top - 23:36:36 up 26 min,  2 users,  load average: 1.65, 0.64, 0.56
Threads:  13 total,   1 running,  12 sleeping,   0 stopped,   0 zombie
%Cpu(s):100.0 us,  0.0 sy,  0.0 ni,  0.0 id,  0.0 wa,  0.0 hi,  0.0 si,  0.0 st 
MiB Mem :   7645.2 total,   6108.9 free,    734.2 used,    918.8 buff/cache     
MiB Swap:    512.0 total,    512.0 free,      0.0 used.   6911.0 avail Mem 

    PID USER      PR  NI    VIRT    RES    SHR S  %CPU  %MEM     TIME+ COMMAND
  10154 kp101     20   0 1514948 180220 106000 S  81.2   2.3   0:30.96 python
  10202 kp101     20   0 1514948 180220 106000 R  31.2   2.3   0:08.44 python
  10197 kp101     20   0 1514948 180220 106000 S  25.0   2.3   0:09.52 python
  10199 kp101     20   0 1514948 180220 106000 S  25.0   2.3   0:09.41 python
  10155 kp101     20   0 1514948 180220 106000 S   0.0   2.3   0:00.07 python
  10156 kp101     20   0 1514948 180220 106000 S   0.0   2.3   0:00.07 python
  10157 kp101     20   0 1514948 180220 106000 S   0.0   2.3   0:00.07 python
  10196 kp101     20   0 1514948 180220 106000 S   0.0   2.3   0:00.00 threade+
  10198 kp101     20   0 1514948 180220 106000 S   0.0   2.3   0:00.00 threade+
  10200 kp101     20   0 1514948 180220 106000 S   0.0   2.3   0:00.00 threade+
  10385 kp101     20   0 1514948 180220 106000 S   0.0   2.3   0:00.00 QDBusCo+
  10386 kp101     20   0 1514948 180220 106000 S   0.0   2.3   0:00.00 Wayland+
  10387 kp101     20   0 1514948 180220 106000 S   0.0   2.3   0:00.00 Wayland+

--- 23:36:38 ---
 4  0      0 6258268  50500 890404    0    0     0     0 7698 8346 66  1 33  0  0
Mem:            7645         730        6112          22         918        6914
temp=73.5'C
frequency(48)=1800404352
Python processes:
kp101      10154 90.5  2.3 1514948 180224 pts/1  Sl+  23:36   0:33 python main.py
top - 23:36:39 up 26 min,  2 users,  load average: 1.83, 0.70, 0.58
Threads:  13 total,   1 running,  12 sleeping,   0 stopped,   0 zombie
%Cpu(s):100.0 us,  0.0 sy,  0.0 ni,  0.0 id,  0.0 wa,  0.0 hi,  0.0 si,  0.0 st 
MiB Mem :   7645.2 total,   6111.1 free,    732.1 used,    918.9 buff/cache     
MiB Swap:    512.0 total,    512.0 free,      0.0 used.   6913.1 avail Mem 

    PID USER      PR  NI    VIRT    RES    SHR S  %CPU  %MEM     TIME+ COMMAND
  10154 kp101     20   0 1514948 180224 106000 S  86.7   2.3   0:33.72 python
  10199 kp101     20   0 1514948 180224 106000 S  33.3   2.3   0:10.32 python
  10197 kp101     20   0 1514948 180224 106000 S  20.0   2.3   0:10.29 python
  10202 kp101     20   0 1514948 180224 106000 R  20.0   2.3   0:09.31 python
  10155 kp101     20   0 1514948 180224 106000 S   0.0   2.3   0:00.07 python
  10156 kp101     20   0 1514948 180224 106000 S   0.0   2.3   0:00.07 python
  10157 kp101     20   0 1514948 180224 106000 S   0.0   2.3   0:00.07 python
  10196 kp101     20   0 1514948 180224 106000 S   0.0   2.3   0:00.00 threade+
  10198 kp101     20   0 1514948 180224 106000 S   0.0   2.3   0:00.00 threade+
  10200 kp101     20   0 1514948 180224 106000 S   0.0   2.3   0:00.00 threade+
  10385 kp101     20   0 1514948 180224 106000 S   0.0   2.3   0:00.00 QDBusCo+
  10386 kp101     20   0 1514948 180224 106000 S   0.0   2.3   0:00.00 Wayland+
  10387 kp101     20   0 1514948 180224 106000 S   0.0   2.3   0:00.00 Wayland+

--- 23:36:41 ---
 5  0      0 6258672  50508 890404    0    0     0     0 8429 9700 64  2 34  0  0
Mem:            7645         731        6112          22         918        6914
temp=74.0'C
frequency(48)=1800457088
Python processes:
kp101      10154 89.8  2.3 1514948 180228 pts/1  Rl+  23:36   0:36 python main.py
top - 23:36:42 up 26 min,  2 users,  load average: 1.83, 0.70, 0.58
Threads:  13 total,   1 running,  12 sleeping,   0 stopped,   0 zombie
%Cpu(s): 33.3 us, 33.3 sy,  0.0 ni, 33.3 id,  0.0 wa,  0.0 hi,  0.0 si,  0.0 st 
MiB Mem :   7645.2 total,   6110.2 free,    732.9 used,    918.8 buff/cache     
MiB Swap:    512.0 total,    512.0 free,      0.0 used.   6912.3 avail Mem 

    PID USER      PR  NI    VIRT    RES    SHR S  %CPU  %MEM     TIME+ COMMAND
  10154 kp101     20   0 1514948 180228 106000 S  80.0   2.3   0:36.43 python
  10202 kp101     20   0 1514948 180228 106000 R  26.7   2.3   0:10.10 python
  10197 kp101     20   0 1514948 180228 106000 S  20.0   2.3   0:11.11 python
  10199 kp101     20   0 1514948 180228 106000 S  20.0   2.3   0:11.24 python
  10155 kp101     20   0 1514948 180228 106000 S   0.0   2.3   0:00.07 python
  10156 kp101     20   0 1514948 180228 106000 S   0.0   2.3   0:00.07 python
  10157 kp101     20   0 1514948 180228 106000 S   0.0   2.3   0:00.07 python
  10196 kp101     20   0 1514948 180228 106000 S   0.0   2.3   0:00.00 threade+
  10198 kp101     20   0 1514948 180228 106000 S   0.0   2.3   0:00.00 threade+
  10200 kp101     20   0 1514948 180228 106000 S   0.0   2.3   0:00.00 threade+
  10385 kp101     20   0 1514948 180228 106000 S   0.0   2.3   0:00.00 QDBusCo+
  10386 kp101     20   0 1514948 180228 106000 S   0.0   2.3   0:00.00 Wayland+
  10387 kp101     20   0 1514948 180228 106000 S   0.0   2.3   0:00.00 Wayland+

--- 23:36:44 ---
 6  0      0 6258252  50516 890392    0    0     0     0 7779 8597 64  2 35  0  0
Mem:            7645         732        6110          22         918        6912
temp=74.0'C
frequency(48)=1800404352
Python processes:
kp101      10154 89.1  2.3 1514948 180232 pts/1  Rl+  23:36   0:38 python main.py
top - 23:36:46 up 26 min,  2 users,  load average: 2.09, 0.77, 0.60
Threads:  13 total,   1 running,  12 sleeping,   0 stopped,   0 zombie
%Cpu(s):100.0 us,  0.0 sy,  0.0 ni,  0.0 id,  0.0 wa,  0.0 hi,  0.0 si,  0.0 st 
MiB Mem :   7645.2 total,   6108.0 free,    735.1 used,    918.9 buff/cache     
MiB Swap:    512.0 total,    512.0 free,      0.0 used.   6910.1 avail Mem 

    PID USER      PR  NI    VIRT    RES    SHR S  %CPU  %MEM     TIME+ COMMAND
  10154 kp101     20   0 1514948 180236 106000 S  86.7   2.3   0:39.17 python
  10199 kp101     20   0 1514948 180236 106000 R  33.3   2.3   0:12.01 python
  10197 kp101     20   0 1514948 180236 106000 S  26.7   2.3   0:11.99 python
  10202 kp101     20   0 1514948 180236 106000 S  20.0   2.3   0:10.94 python
  10155 kp101     20   0 1514948 180236 106000 S   0.0   2.3   0:00.07 python
  10156 kp101     20   0 1514948 180236 106000 S   0.0   2.3   0:00.07 python
  10157 kp101     20   0 1514948 180236 106000 S   0.0   2.3   0:00.07 python
  10196 kp101     20   0 1514948 180236 106000 S   0.0   2.3   0:00.00 threade+
  10198 kp101     20   0 1514948 180236 106000 S   0.0   2.3   0:00.00 threade+
  10200 kp101     20   0 1514948 180236 106000 S   0.0   2.3   0:00.00 threade+
  10385 kp101     20   0 1514948 180236 106000 S   0.0   2.3   0:00.00 QDBusCo+
  10386 kp101     20   0 1514948 180236 106000 S   0.0   2.3   0:00.00 Wayland+
  10387 kp101     20   0 1514948 180236 106000 S   0.0   2.3   0:00.00 Wayland+

--- 23:36:48 ---
 6  0      0 6253808  50516 890404    0    0     0     0 10413 13012 65  3 32  0  0
Mem:            7645         735        6107          22         918        6909
temp=75.9'C
frequency(48)=1800404352
Python processes:
kp101      10154 88.4  2.3 1514948 180236 pts/1  Sl+  23:36   0:41 python main.py
top - 23:36:49 up 26 min,  2 users,  load average: 2.40, 0.86, 0.63
Threads:  13 total,   1 running,  12 sleeping,   0 stopped,   0 zombie
%Cpu(s): 50.0 us, 50.0 sy,  0.0 ni,  0.0 id,  0.0 wa,  0.0 hi,  0.0 si,  0.0 st 
MiB Mem :   7645.2 total,   6107.4 free,    735.7 used,    918.9 buff/cache     
MiB Swap:    512.0 total,    512.0 free,      0.0 used.   6909.5 avail Mem 

    PID USER      PR  NI    VIRT    RES    SHR S  %CPU  %MEM     TIME+ COMMAND
  10154 kp101     20   0 1514948 180240 106000 S  73.3   2.3   0:41.86 python
  10202 kp101     20   0 1514948 180240 106000 R  26.7   2.3   0:11.68 python
  10197 kp101     20   0 1514948 180240 106000 S  20.0   2.3   0:12.78 python
  10199 kp101     20   0 1514948 180240 106000 S  13.3   2.3   0:12.88 python
  10155 kp101     20   0 1514948 180240 106000 S   0.0   2.3   0:00.07 python
  10156 kp101     20   0 1514948 180240 106000 S   0.0   2.3   0:00.07 python
  10157 kp101     20   0 1514948 180240 106000 S   0.0   2.3   0:00.07 python
  10196 kp101     20   0 1514948 180240 106000 S   0.0   2.3   0:00.00 threade+
  10198 kp101     20   0 1514948 180240 106000 S   0.0   2.3   0:00.00 threade+
  10200 kp101     20   0 1514948 180240 106000 S   0.0   2.3   0:00.00 threade+
  10385 kp101     20   0 1514948 180240 106000 S   0.0   2.3   0:00.00 QDBusCo+
  10386 kp101     20   0 1514948 180240 106000 S   0.0   2.3   0:00.00 Wayland+
  10387 kp101     20   0 1514948 180240 106000 S   0.0   2.3   0:00.00 Wayland+

--- 23:36:51 ---
 5  0      0 6253996  50524 890416    0    0     0     0 9400 11277 61  2 36  0  0
Mem:            7645         735        6107          22         918        6909
temp=75.0'C
frequency(48)=1800457088
Python processes:
kp101      10154 87.9  2.3 1514948 180240 pts/1  Rl+  23:36   0:44 python main.py
top - 23:36:53 up 26 min,  2 users,  load average: 2.40, 0.86, 0.63
Threads:  13 total,   1 running,  12 sleeping,   0 stopped,   0 zombie
%Cpu(s):100.0 us,  0.0 sy,  0.0 ni,  0.0 id,  0.0 wa,  0.0 hi,  0.0 si,  0.0 st 
MiB Mem :   7645.2 total,   6104.5 free,    738.6 used,    918.9 buff/cache     
MiB Swap:    512.0 total,    512.0 free,      0.0 used.   6906.6 avail Mem 

    PID USER      PR  NI    VIRT    RES    SHR S  %CPU  %MEM     TIME+ COMMAND
  10154 kp101     20   0 1514948 180240 106000 S  73.3   2.3   0:44.59 python
  10197 kp101     20   0 1514948 180240 106000 R  26.7   2.3   0:13.61 python
  10202 kp101     20   0 1514948 180240 106000 S  26.7   2.3   0:12.55 python
  10199 kp101     20   0 1514948 180240 106000 S  20.0   2.3   0:13.67 python
  10155 kp101     20   0 1514948 180240 106000 S   0.0   2.3   0:00.07 python
  10156 kp101     20   0 1514948 180240 106000 S   0.0   2.3   0:00.07 python
  10157 kp101     20   0 1514948 180240 106000 S   0.0   2.3   0:00.07 python
  10196 kp101     20   0 1514948 180240 106000 S   0.0   2.3   0:00.00 threade+
  10198 kp101     20   0 1514948 180240 106000 S   0.0   2.3   0:00.00 threade+
  10200 kp101     20   0 1514948 180240 106000 S   0.0   2.3   0:00.00 threade+
  10385 kp101     20   0 1514948 180240 106000 S   0.0   2.3   0:00.00 QDBusCo+
  10386 kp101     20   0 1514948 180240 106000 S   0.0   2.3   0:00.00 Wayland+
  10387 kp101     20   0 1514948 180240 106000 S   0.0   2.3   0:00.00 Wayland+

--- 23:36:55 ---
 8  0      0 6251644  50524 890408    0    0     0     0 8869 10383 63  2 35  0  0
Mem:            7645         738        6104          22         918        6906
temp=75.9'C
frequency(48)=1800457088
Python processes:
kp101      10154 87.5  2.3 1514948 180244 pts/1  Sl+  23:36   0:47 python main.py
top - 23:36:56 up 26 min,  2 users,  load average: 2.53, 0.91, 0.65
Threads:  13 total,   1 running,  12 sleeping,   0 stopped,   0 zombie
%Cpu(s):  0.0 us,  0.0 sy,  0.0 ni,100.0 id,  0.0 wa,  0.0 hi,  0.0 si,  0.0 st 
MiB Mem :   7645.2 total,   6101.5 free,    741.6 used,    918.9 buff/cache     
MiB Swap:    512.0 total,    512.0 free,      0.0 used.   6903.6 avail Mem 

    PID USER      PR  NI    VIRT    RES    SHR S  %CPU  %MEM     TIME+ COMMAND
  10154 kp101     20   0 1514948 180244 106000 S  80.0   2.3   0:47.37 python
  10197 kp101     20   0 1514948 180244 106000 S  33.3   2.3   0:14.53 python
  10199 kp101     20   0 1514948 180244 106000 S  26.7   2.3   0:14.43 python
  10202 kp101     20   0 1514948 180244 106000 R  26.7   2.3   0:13.38 python
  10155 kp101     20   0 1514948 180244 106000 S   0.0   2.3   0:00.07 python
  10156 kp101     20   0 1514948 180244 106000 S   0.0   2.3   0:00.07 python
  10157 kp101     20   0 1514948 180244 106000 S   0.0   2.3   0:00.07 python
  10196 kp101     20   0 1514948 180244 106000 S   0.0   2.3   0:00.00 threade+
  10198 kp101     20   0 1514948 180244 106000 S   0.0   2.3   0:00.00 threade+
  10200 kp101     20   0 1514948 180244 106000 S   0.0   2.3   0:00.00 threade+
  10385 kp101     20   0 1514948 180244 106000 S   0.0   2.3   0:00.00 QDBusCo+
  10386 kp101     20   0 1514948 180244 106000 S   0.0   2.3   0:00.00 Wayland+
  10387 kp101     20   0 1514948 180244 106000 S   0.0   2.3   0:00.00 Wayland+

--- 23:36:58 ---
 5  0      0 6250992  50532 890412    0    0     0     0 8364 9386 65  1 33  0  0
Mem:            7645         739        6103          22         918        6905
temp=76.4'C
frequency(48)=1800404352
Python processes:
kp101      10154 87.2  2.3 1514948 180256 pts/1  Sl+  23:36   0:49 python main.py
top - 23:36:59 up 26 min,  2 users,  load average: 2.65, 0.96, 0.67
Threads:  13 total,   1 running,  12 sleeping,   0 stopped,   0 zombie
%Cpu(s): 50.0 us, 50.0 sy,  0.0 ni,  0.0 id,  0.0 wa,  0.0 hi,  0.0 si,  0.0 st 
MiB Mem :   7645.2 total,   6101.1 free,    742.0 used,    918.9 buff/cache     
MiB Swap:    512.0 total,    512.0 free,      0.0 used.   6903.2 avail Mem 

    PID USER      PR  NI    VIRT    RES    SHR S  %CPU  %MEM     TIME+ COMMAND
  10154 kp101     20   0 1514948 180256 106000 S  73.3   2.3   0:50.09 python
  10197 kp101     20   0 1514948 180256 106000 R  26.7   2.3   0:15.38 python
  10199 kp101     20   0 1514948 180256 106000 S  26.7   2.3   0:15.25 python
  10202 kp101     20   0 1514948 180256 106000 S  13.3   2.3   0:14.26 python
  10155 kp101     20   0 1514948 180256 106000 S   0.0   2.3   0:00.07 python
  10156 kp101     20   0 1514948 180256 106000 S   0.0   2.3   0:00.07 python
  10157 kp101     20   0 1514948 180256 106000 S   0.0   2.3   0:00.07 python
  10196 kp101     20   0 1514948 180256 106000 S   0.0   2.3   0:00.00 threade+
  10198 kp101     20   0 1514948 180256 106000 S   0.0   2.3   0:00.00 threade+
  10200 kp101     20   0 1514948 180256 106000 S   0.0   2.3   0:00.00 threade+
  10385 kp101     20   0 1514948 180256 106000 S   0.0   2.3   0:00.00 QDBusCo+
  10386 kp101     20   0 1514948 180256 106000 S   0.0   2.3   0:00.00 Wayland+
  10387 kp101     20   0 1514948 180256 106000 S   0.0   2.3   0:00.00 Wayland+

--- 23:37:01 ---
 4  0      0 6247048  50540 890408    0    0     0     0 8182 9290 62  2 36  0  0
Mem:            7645         742        6100          22         918        6902
temp=76.4'C
frequency(48)=1800457088
Python processes:
kp101      10154 86.7  2.3 1514948 180256 pts/1  Sl+  23:36   0:52 python main.py
top - 23:37:03 up 26 min,  2 users,  load average: 2.65, 0.96, 0.67
Threads:  13 total,   2 running,  11 sleeping,   0 stopped,   0 zombie
%Cpu(s): 50.0 us,  0.0 sy,  0.0 ni, 50.0 id,  0.0 wa,  0.0 hi,  0.0 si,  0.0 st 
MiB Mem :   7645.2 total,   6099.1 free,    744.0 used,    918.9 buff/cache     
MiB Swap:    512.0 total,    512.0 free,      0.0 used.   6901.2 avail Mem 

    PID USER      PR  NI    VIRT    RES    SHR S  %CPU  %MEM     TIME+ COMMAND
  10154 kp101     20   0 1514948 180256 106000 R  68.8   2.3   0:52.72 python
  10197 kp101     20   0 1514948 180256 106000 S  31.2   2.3   0:16.25 python
  10199 kp101     20   0 1514948 180256 106000 S  25.0   2.3   0:16.10 python
  10202 kp101     20   0 1514948 180256 106000 R   6.2   2.3   0:14.98 python
  10155 kp101     20   0 1514948 180256 106000 S   0.0   2.3   0:00.07 python
  10156 kp101     20   0 1514948 180256 106000 S   0.0   2.3   0:00.07 python
  10157 kp101     20   0 1514948 180256 106000 S   0.0   2.3   0:00.07 python
  10196 kp101     20   0 1514948 180256 106000 S   0.0   2.3   0:00.00 threade+
  10198 kp101     20   0 1514948 180256 106000 S   0.0   2.3   0:00.00 threade+
  10200 kp101     20   0 1514948 180256 106000 S   0.0   2.3   0:00.00 threade+
  10385 kp101     20   0 1514948 180256 106000 S   0.0   2.3   0:00.00 QDBusCo+
  10386 kp101     20   0 1514948 180256 106000 S   0.0   2.3   0:00.00 Wayland+
  10387 kp101     20   0 1514948 180256 106000 S   0.0   2.3   0:00.00 Wayland+

--- 23:37:05 ---
 7  0      0 6247220  50540 890416    0    0     0    44 9603 11601 65  2 33  0  0
Mem:            7645         742        6100          22         918        6902
temp=76.9'C
frequency(48)=1800457088
Python processes:
kp101      10154 86.3  2.3 1514948 180260 pts/1  Sl+  23:36   0:55 python main.py
top - 23:37:06 up 26 min,  2 users,  load average: 2.76, 1.01, 0.68
Threads:  13 total,   1 running,  12 sleeping,   0 stopped,   0 zombie
%Cpu(s):100.0 us,  0.0 sy,  0.0 ni,  0.0 id,  0.0 wa,  0.0 hi,  0.0 si,  0.0 st 
MiB Mem :   7645.2 total,   6097.9 free,    745.2 used,    918.9 buff/cache     
MiB Swap:    512.0 total,    512.0 free,      0.0 used.   6900.0 avail Mem 

    PID USER      PR  NI    VIRT    RES    SHR S  %CPU  %MEM     TIME+ COMMAND
  10154 kp101     20   0 1514948 180260 106000 R  81.2   2.3   0:55.42 python
  10199 kp101     20   0 1514948 180260 106000 S  31.2   2.3   0:16.91 python
  10197 kp101     20   0 1514948 180260 106000 S  25.0   2.3   0:17.09 python
  10202 kp101     20   0 1514948 180260 106000 S  12.5   2.3   0:15.75 python
  10155 kp101     20   0 1514948 180260 106000 S   0.0   2.3   0:00.07 python
  10156 kp101     20   0 1514948 180260 106000 S   0.0   2.3   0:00.07 python
  10157 kp101     20   0 1514948 180260 106000 S   0.0   2.3   0:00.07 python
  10196 kp101     20   0 1514948 180260 106000 S   0.0   2.3   0:00.00 threade+
  10198 kp101     20   0 1514948 180260 106000 S   0.0   2.3   0:00.00 threade+
  10200 kp101     20   0 1514948 180260 106000 S   0.0   2.3   0:00.00 threade+
  10385 kp101     20   0 1514948 180260 106000 S   0.0   2.3   0:00.00 QDBusCo+
  10386 kp101     20   0 1514948 180260 106000 S   0.0   2.3   0:00.00 Wayland+
  10387 kp101     20   0 1514948 180260 106000 S   0.0   2.3   0:00.00 Wayland+

--- 23:37:08 ---
 5  0      0 6241904  50548 890424    0    0     0     0 8771 10242 64  2 34  0  0
Mem:            7645         748        6094          22         918        6896
temp=78.4'C
frequency(48)=1800457088
Python processes:
kp101      10154 85.9  2.3 1514948 180260 pts/1  Rl+  23:36   0:57 python main.py
top - 23:37:09 up 26 min,  2 users,  load average: 2.94, 1.08, 0.71
Threads:  13 total,   1 running,  12 sleeping,   0 stopped,   0 zombie
%Cpu(s): 50.0 us, 50.0 sy,  0.0 ni,  0.0 id,  0.0 wa,  0.0 hi,  0.0 si,  0.0 st 
MiB Mem :   7645.2 total,   6092.7 free,    750.4 used,    918.9 buff/cache     
MiB Swap:    512.0 total,    512.0 free,      0.0 used.   6894.8 avail Mem 

    PID USER      PR  NI    VIRT    RES    SHR S  %CPU  %MEM     TIME+ COMMAND
  10154 kp101     20   0 1514948 180260 106000 S  81.2   2.3   0:58.06 python
  10199 kp101     20   0 1514948 180260 106000 S  37.5   2.3   0:17.77 python
  10202 kp101     20   0 1514948 180260 106000 R  31.2   2.3   0:16.57 python
  10197 kp101     20   0 1514948 180260 106000 S   6.2   2.3   0:17.81 python
  10155 kp101     20   0 1514948 180260 106000 S   0.0   2.3   0:00.07 python
  10156 kp101     20   0 1514948 180260 106000 S   0.0   2.3   0:00.07 python
  10157 kp101     20   0 1514948 180260 106000 S   0.0   2.3   0:00.07 python
  10196 kp101     20   0 1514948 180260 106000 S   0.0   2.3   0:00.00 threade+
  10198 kp101     20   0 1514948 180260 106000 S   0.0   2.3   0:00.00 threade+
  10200 kp101     20   0 1514948 180260 106000 S   0.0   2.3   0:00.00 threade+
  10385 kp101     20   0 1514948 180260 106000 S   0.0   2.3   0:00.00 QDBusCo+
  10386 kp101     20   0 1514948 180260 106000 S   0.0   2.3   0:00.00 Wayland+
  10387 kp101     20   0 1514948 180260 106000 S   0.0   2.3   0:00.00 Wayland+

--- 23:37:11 ---
 6  0      0 6236584  50548 890424    0    0     0     0 7849 8608 64  2 34  0  0
Mem:            7645         753        6089          22         918        6891
temp=77.9'C
frequency(48)=1800457088
Python processes:
kp101      10154 85.5  2.3 1515972 180264 pts/1  Sl+  23:36   1:00 python main.py
top - 23:37:13 up 26 min,  2 users,  load average: 2.94, 1.08, 0.71
Threads:  13 total,   1 running,  12 sleeping,   0 stopped,   0 zombie
%Cpu(s):  0.0 us,  0.0 sy,  0.0 ni,100.0 id,  0.0 wa,  0.0 hi,  0.0 si,  0.0 st 
MiB Mem :   7645.2 total,   6088.7 free,    754.3 used,    918.9 buff/cache     
MiB Swap:    512.0 total,    512.0 free,      0.0 used.   6890.9 avail Mem 

    PID USER      PR  NI    VIRT    RES    SHR S  %CPU  %MEM     TIME+ COMMAND
  10154 kp101     20   0 1515972 180264 106000 S  80.0   2.3   1:00.68 python
  10197 kp101     20   0 1515972 180264 106000 S  33.3   2.3   0:18.66 python
  10199 kp101     20   0 1515972 180264 106000 S  26.7   2.3   0:18.54 python
  10202 kp101     20   0 1515972 180264 106000 R  20.0   2.3   0:17.38 python
  10155 kp101     20   0 1515972 180264 106000 S   0.0   2.3   0:00.07 python
  10156 kp101     20   0 1515972 180264 106000 S   0.0   2.3   0:00.07 python
  10157 kp101     20   0 1515972 180264 106000 S   0.0   2.3   0:00.07 python
  10196 kp101     20   0 1515972 180264 106000 S   0.0   2.3   0:00.00 threade+
  10198 kp101     20   0 1515972 180264 106000 S   0.0   2.3   0:00.00 threade+
  10200 kp101     20   0 1515972 180264 106000 S   0.0   2.3   0:00.00 threade+
  10385 kp101     20   0 1515972 180264 106000 S   0.0   2.3   0:00.00 QDBusCo+
  10386 kp101     20   0 1515972 180264 106000 S   0.0   2.3   0:00.00 Wayland+
  10387 kp101     20   0 1515972 180264 106000 S   0.0   2.3   0:00.00 Wayland+

--- 23:37:15 ---
 7  0      0 6234900  50556 890432    0    0     0     0 8277 9099 66  1 33  0  0
Mem:            7645         754        6088          22         918        6891
temp=80.3'C
frequency(48)=1800404352
Python processes:
kp101      10154 85.3  2.3 1515972 180264 pts/1  Rl+  23:36   1:03 python main.py
top - 23:37:16 up 26 min,  2 users,  load average: 2.94, 1.11, 0.72
Threads:  13 total,   2 running,  11 sleeping,   0 stopped,   0 zombie
%Cpu(s): 50.0 us, 50.0 sy,  0.0 ni,  0.0 id,  0.0 wa,  0.0 hi,  0.0 si,  0.0 st 
MiB Mem :   7645.2 total,   6086.5 free,    756.6 used,    918.9 buff/cache     
MiB Swap:    512.0 total,    512.0 free,      0.0 used.   6888.6 avail Mem 

    PID USER      PR  NI    VIRT    RES    SHR S  %CPU  %MEM     TIME+ COMMAND
  10154 kp101     20   0 1515972 180264 106000 S  87.5   2.3   1:03.39 python
  10197 kp101     20   0 1515972 180264 106000 R  31.2   2.3   0:19.51 python
  10199 kp101     20   0 1515972 180264 106000 S  31.2   2.3   0:19.38 python
  10202 kp101     20   0 1515972 180264 106000 R  12.5   2.3   0:18.16 python
  10155 kp101     20   0 1515972 180264 106000 S   0.0   2.3   0:00.07 python
  10156 kp101     20   0 1515972 180264 106000 S   0.0   2.3   0:00.07 python
  10157 kp101     20   0 1515972 180264 106000 S   0.0   2.3   0:00.07 python
  10196 kp101     20   0 1515972 180264 106000 S   0.0   2.3   0:00.00 threade+
  10198 kp101     20   0 1515972 180264 106000 S   0.0   2.3   0:00.00 threade+
  10200 kp101     20   0 1515972 180264 106000 S   0.0   2.3   0:00.00 threade+
  10385 kp101     20   0 1515972 180264 106000 S   0.0   2.3   0:00.00 QDBusCo+
  10386 kp101     20   0 1515972 180264 106000 S   0.0   2.3   0:00.00 Wayland+
  10387 kp101     20   0 1515972 180264 106000 S   0.0   2.3   0:00.00 Wayland+

--- 23:37:18 ---
 5  0      0 6232508  50564 890432    0    0     0     0 8544 9849 66  1 33  0  0
Mem:            7645         756        6086          22         918        6888
temp=78.4'C
frequency(48)=1800404352
Python processes:
kp101      10154 85.2  2.3 1515972 180264 pts/1  Sl+  23:36   1:05 python main.py
top - 23:37:19 up 27 min,  2 users,  load average: 3.03, 1.16, 0.74
Threads:  13 total,   1 running,  12 sleeping,   0 stopped,   0 zombie
%Cpu(s):  0.0 us,  0.0 sy,  0.0 ni,100.0 id,  0.0 wa,  0.0 hi,  0.0 si,  0.0 st 
MiB Mem :   7645.2 total,   6084.5 free,    758.5 used,    918.9 buff/cache     
MiB Swap:    512.0 total,    512.0 free,      0.0 used.   6886.7 avail Mem 

    PID USER      PR  NI    VIRT    RES    SHR S  %CPU  %MEM     TIME+ COMMAND
  10154 kp101     20   0 1515972 180264 106000 S  80.0   2.3   1:06.13 python
  10199 kp101     20   0 1515972 180264 106000 S  33.3   2.3   0:20.17 python
  10197 kp101     20   0 1515972 180264 106000 S  20.0   2.3   0:20.40 python
  10202 kp101     20   0 1515972 180264 106000 R  20.0   2.3   0:19.03 python
  10155 kp101     20   0 1515972 180264 106000 S   0.0   2.3   0:00.07 python
  10156 kp101     20   0 1515972 180264 106000 S   0.0   2.3   0:00.07 python
  10157 kp101     20   0 1515972 180264 106000 S   0.0   2.3   0:00.07 python
  10196 kp101     20   0 1515972 180264 106000 S   0.0   2.3   0:00.00 threade+
  10198 kp101     20   0 1515972 180264 106000 S   0.0   2.3   0:00.00 threade+
  10200 kp101     20   0 1515972 180264 106000 S   0.0   2.3   0:00.00 threade+
  10385 kp101     20   0 1515972 180264 106000 S   0.0   2.3   0:00.00 QDBusCo+
  10386 kp101     20   0 1515972 180264 106000 S   0.0   2.3   0:00.00 Wayland+
  10387 kp101     20   0 1515972 180264 106000 S   0.0   2.3   0:00.00 Wayland+

--- 23:37:21 ---
 6  0      0 6228992  50564 890432    0    0     0     0 8921 10257 65  1 34  0  0
Mem:            7645         761        6081          22         918        6883
temp=79.8'C
frequency(48)=1800457088
Python processes:
kp101      10154 84.9  2.3 1515972 180264 pts/1  Sl+  23:36   1:08 python main.py
top - 23:37:23 up 27 min,  2 users,  load average: 3.03, 1.16, 0.74
Threads:  13 total,   2 running,  11 sleeping,   0 stopped,   0 zombie
%Cpu(s): 50.0 us, 50.0 sy,  0.0 ni,  0.0 id,  0.0 wa,  0.0 hi,  0.0 si,  0.0 st 
MiB Mem :   7645.2 total,   6077.8 free,    765.2 used,    918.9 buff/cache     
MiB Swap:    512.0 total,    512.0 free,      0.0 used.   6880.0 avail Mem 

    PID USER      PR  NI    VIRT    RES    SHR S  %CPU  %MEM     TIME+ COMMAND
  10154 kp101     20   0 1515972 180264 106000 S  68.8   2.3   1:08.85 python
  10199 kp101     20   0 1515972 180264 106000 R  31.2   2.3   0:21.04 python
  10197 kp101     20   0 1515972 180264 106000 R  18.8   2.3   0:21.14 python
  10202 kp101     20   0 1515972 180264 106000 S  18.8   2.3   0:19.87 python
  10155 kp101     20   0 1515972 180264 106000 S   0.0   2.3   0:00.07 python
  10156 kp101     20   0 1515972 180264 106000 S   0.0   2.3   0:00.07 python
  10157 kp101     20   0 1515972 180264 106000 S   0.0   2.3   0:00.07 python
  10196 kp101     20   0 1515972 180264 106000 S   0.0   2.3   0:00.00 threade+
  10198 kp101     20   0 1515972 180264 106000 S   0.0   2.3   0:00.00 threade+
  10200 kp101     20   0 1515972 180264 106000 S   0.0   2.3   0:00.00 threade+
  10385 kp101     20   0 1515972 180264 106000 S   0.0   2.3   0:00.00 QDBusCo+
  10386 kp101     20   0 1515972 180264 106000 S   0.0   2.3   0:00.00 Wayland+
  10387 kp101     20   0 1515972 180264 106000 S   0.0   2.3   0:00.00 Wayland+

--- 23:37:25 ---
 5  0      0 6221960  50572 890432    0    0   300     0 8244 9376 65  1 34  0  0
Mem:            7645         766        6075          22         919        6878
temp=80.8'C
frequency(48)=1800457088
Python processes:
kp101      10154 84.7  2.3 1515972 180268 pts/1  Sl+  23:36   1:11 python main.py
top - 23:37:26 up 27 min,  2 users,  load average: 3.91, 1.37, 0.81
Threads:  13 total,   2 running,  11 sleeping,   0 stopped,   0 zombie
%Cpu(s): 66.7 us,  0.0 sy,  0.0 ni, 33.3 id,  0.0 wa,  0.0 hi,  0.0 si,  0.0 st 
MiB Mem :   7645.2 total,   6072.6 free,    770.1 used,    919.3 buff/cache     
MiB Swap:    512.0 total,    512.0 free,      0.0 used.   6875.1 avail Mem 

    PID USER      PR  NI    VIRT    RES    SHR S  %CPU  %MEM     TIME+ COMMAND
  10154 kp101     20   0 1515972 180268 106000 S  75.0   2.3   1:11.56 python
  10199 kp101     20   0 1515972 180268 106000 S  31.2   2.3   0:21.93 python
  10202 kp101     20   0 1515972 180268 106000 R  25.0   2.3   0:20.66 python
  10197 kp101     20   0 1515972 180268 106000 R  12.5   2.3   0:21.91 python
  10155 kp101     20   0 1515972 180268 106000 S   0.0   2.3   0:00.07 python
  10156 kp101     20   0 1515972 180268 106000 S   0.0   2.3   0:00.07 python
  10157 kp101     20   0 1515972 180268 106000 S   0.0   2.3   0:00.07 python
  10196 kp101     20   0 1515972 180268 106000 S   0.0   2.3   0:00.00 threade+
  10198 kp101     20   0 1515972 180268 106000 S   0.0   2.3   0:00.00 threade+
  10200 kp101     20   0 1515972 180268 106000 S   0.0   2.3   0:00.00 threade+
  10385 kp101     20   0 1515972 180268 106000 S   0.0   2.3   0:00.00 QDBusCo+
  10386 kp101     20   0 1515972 180268 106000 S   0.0   2.3   0:00.00 Wayland+
  10387 kp101     20   0 1515972 180268 106000 S   0.0   2.3   0:00.00 Wayland+

--- 23:37:28 ---
 4  0      0 6220060  50572 891776    0    0   572     0 8867 10716 64  2 34  0  0
Mem:            7645         767        6073          22         920        6877
temp=80.3'C
frequency(48)=1800404352
Python processes:
kp101      10154 84.5  2.3 1515972 180268 pts/1  Rl+  23:36   1:14 python main.py
top - 23:37:30 up 27 min,  2 users,  load average: 3.99, 1.43, 0.83
Threads:  13 total,   1 running,  12 sleeping,   0 stopped,   0 zombie
%Cpu(s):100.0 us,  0.0 sy,  0.0 ni,  0.0 id,  0.0 wa,  0.0 hi,  0.0 si,  0.0 st 
MiB Mem :   7645.2 total,   6071.6 free,    769.4 used,    921.0 buff/cache     
MiB Swap:    512.0 total,    512.0 free,      0.0 used.   6875.8 avail Mem 

    PID USER      PR  NI    VIRT    RES    SHR S  %CPU  %MEM     TIME+ COMMAND
  10154 kp101     20   0 1515972 180268 106000 S  75.0   2.3   1:14.21 python
  10199 kp101     20   0 1515972 180268 106000 S  37.5   2.3   0:22.79 python
  10197 kp101     20   0 1515972 180268 106000 S  18.8   2.3   0:22.62 python
  10202 kp101     20   0 1515972 180268 106000 R  12.5   2.3   0:21.49 python
  10155 kp101     20   0 1515972 180268 106000 S   0.0   2.3   0:00.07 python
  10156 kp101     20   0 1515972 180268 106000 S   0.0   2.3   0:00.07 python
  10157 kp101     20   0 1515972 180268 106000 S   0.0   2.3   0:00.07 python
  10196 kp101     20   0 1515972 180268 106000 S   0.0   2.3   0:00.00 threade+
  10198 kp101     20   0 1515972 180268 106000 S   0.0   2.3   0:00.00 threade+
  10200 kp101     20   0 1515972 180268 106000 S   0.0   2.3   0:00.00 threade+
  10385 kp101     20   0 1515972 180268 106000 S   0.0   2.3   0:00.00 QDBusCo+
  10386 kp101     20   0 1515972 180268 106000 S   0.0   2.3   0:00.00 Wayland+
  10387 kp101     20   0 1515972 180268 106000 S   0.0   2.3   0:00.00 Wayland+

--- 23:37:32 ---
 4  0      0 6214008  50588 895444    0    0   632     0 8642 9718 63  1 35  0  0
Mem:            7645         770        6066          22         924        6874
temp=80.3'C
frequency(48)=1800457088
Python processes:
kp101      10154 84.3  2.3 1515972 180268 pts/1  Rl+  23:36   1:16 python main.py
top - 23:37:33 up 27 min,  2 users,  load average: 3.99, 1.43, 0.83
Threads:  13 total,   1 running,  12 sleeping,   0 stopped,   0 zombie
%Cpu(s): 50.0 us,  0.0 sy,  0.0 ni, 50.0 id,  0.0 wa,  0.0 hi,  0.0 si,  0.0 st 
MiB Mem :   7645.2 total,   6064.8 free,    772.7 used,    924.6 buff/cache     
MiB Swap:    512.0 total,    512.0 free,      0.0 used.   6872.5 avail Mem 

    PID USER      PR  NI    VIRT    RES    SHR S  %CPU  %MEM     TIME+ COMMAND
  10154 kp101     20   0 1515972 180268 106000 S  81.2   2.3   1:16.93 python
  10199 kp101     20   0 1515972 180268 106000 S  37.5   2.3   0:23.64 python
  10197 kp101     20   0 1515972 180268 106000 R  31.2   2.3   0:23.53 python
  10202 kp101     20   0 1515972 180268 106000 S  18.8   2.3   0:22.25 python
  10155 kp101     20   0 1515972 180268 106000 S   0.0   2.3   0:00.07 python
  10156 kp101     20   0 1515972 180268 106000 S   0.0   2.3   0:00.07 python
  10157 kp101     20   0 1515972 180268 106000 S   0.0   2.3   0:00.07 python
  10196 kp101     20   0 1515972 180268 106000 S   0.0   2.3   0:00.00 threade+
  10198 kp101     20   0 1515972 180268 106000 S   0.0   2.3   0:00.00 threade+
  10200 kp101     20   0 1515972 180268 106000 S   0.0   2.3   0:00.00 threade+
  10385 kp101     20   0 1515972 180268 106000 S   0.0   2.3   0:00.00 QDBusCo+
  10386 kp101     20   0 1515972 180268 106000 S   0.0   2.3   0:00.01 Wayland+
  10387 kp101     20   0 1515972 180268 106000 S   0.0   2.3   0:00.00 Wayland+

--- 23:37:35 ---
 5  0      0 6209604  50596 896984    0    0   460     0 8356 9455 62  2 36  0  0
Mem:            7645         773        6062          22         925        6871
temp=81.3'C
frequency(48)=1800404352
Python processes:
kp101      10154 84.2  2.3 1515972 180268 pts/1  Sl+  23:36   1:19 python main.py
top - 23:37:36 up 27 min,  2 users,  load average: 4.15, 1.51, 0.86
Threads:  13 total,   1 running,  12 sleeping,   0 stopped,   0 zombie
%Cpu(s):  0.0 us,  0.0 sy,  0.0 ni,100.0 id,  0.0 wa,  0.0 hi,  0.0 si,  0.0 st 
MiB Mem :   7645.2 total,   6059.8 free,    776.2 used,    926.1 buff/cache     
MiB Swap:    512.0 total,    512.0 free,      0.0 used.   6869.0 avail Mem 

    PID USER      PR  NI    VIRT    RES    SHR S  %CPU  %MEM     TIME+ COMMAND
  10154 kp101     20   0 1515972 180268 106000 S  75.0   2.3   1:19.57 python
  10199 kp101     20   0 1515972 180268 106000 R  31.2   2.3   0:24.44 python
  10202 kp101     20   0 1515972 180268 106000 S  31.2   2.3   0:23.04 python
  10197 kp101     20   0 1515972 180268 106000 S  12.5   2.3   0:24.34 python
  10155 kp101     20   0 1515972 180268 106000 S   0.0   2.3   0:00.07 python
  10156 kp101     20   0 1515972 180268 106000 S   0.0   2.3   0:00.07 python
  10157 kp101     20   0 1515972 180268 106000 S   0.0   2.3   0:00.07 python
  10196 kp101     20   0 1515972 180268 106000 S   0.0   2.3   0:00.00 threade+
  10198 kp101     20   0 1515972 180268 106000 S   0.0   2.3   0:00.00 threade+
  10200 kp101     20   0 1515972 180268 106000 S   0.0   2.3   0:00.00 threade+
  10385 kp101     20   0 1515972 180268 106000 S   0.0   2.3   0:00.00 QDBusCo+
  10386 kp101     20   0 1515972 180268 106000 S   0.0   2.3   0:00.01 Wayland+
  10387 kp101     20   0 1515972 180268 106000 S   0.0   2.3   0:00.00 Wayland+

--- 23:37:38 ---
 4  0      0 6204216  50604 898240    0    0    64     0 8985 10563 65  1 33  0  0
Mem:            7645         776        6058          22         926        6868
temp=81.8'C
frequency(48)=1800404352
Python processes:
kp101      10154 84.0  2.3 1515972 180268 pts/1  Sl+  23:36   1:22 python main.py
top - 23:37:40 up 27 min,  2 users,  load average: 4.30, 1.58, 0.89
Threads:  13 total,   1 running,  12 sleeping,   0 stopped,   0 zombie
%Cpu(s):  0.0 us,  0.0 sy,  0.0 ni,100.0 id,  0.0 wa,  0.0 hi,  0.0 si,  0.0 st 
MiB Mem :   7645.2 total,   6057.2 free,    778.2 used,    926.7 buff/cache     
MiB Swap:    512.0 total,    512.0 free,      0.0 used.   6867.0 avail Mem 

    PID USER      PR  NI    VIRT    RES    SHR S  %CPU  %MEM     TIME+ COMMAND
  10154 kp101     20   0 1515972 180268 106000 S  75.0   2.3   1:22.31 python
  10199 kp101     20   0 1515972 180268 106000 S  37.5   2.3   0:25.23 python
  10197 kp101     20   0 1515972 180268 106000 S  31.2   2.3   0:25.18 python
  10202 kp101     20   0 1515972 180268 106000 R  12.5   2.3   0:23.89 python
  10155 kp101     20   0 1515972 180268 106000 S   0.0   2.3   0:00.07 python
  10156 kp101     20   0 1515972 180268 106000 S   0.0   2.3   0:00.07 python
  10157 kp101     20   0 1515972 180268 106000 S   0.0   2.3   0:00.07 python
  10196 kp101     20   0 1515972 180268 106000 S   0.0   2.3   0:00.00 threade+
  10198 kp101     20   0 1515972 180268 106000 S   0.0   2.3   0:00.01 threade+
  10200 kp101     20   0 1515972 180268 106000 S   0.0   2.3   0:00.00 threade+
  10385 kp101     20   0 1515972 180268 106000 S   0.0   2.3   0:00.00 QDBusCo+
  10386 kp101     20   0 1515972 180268 106000 S   0.0   2.3   0:00.01 Wayland+
  10387 kp101     20   0 1515972 180268 106000 S   0.0   2.3   0:00.00 Wayland+

--- 23:37:42 ---
 4  0      0 6201652  50620 899396    0    0   144    20 8668 9636 64  1 34  0  0
Mem:            7645         778        6056          22         927        6867
temp=81.8'C
frequency(48)=1800457088
Python processes:
kp101      10154 83.9  2.3 1515972 180272 pts/1  Rl+  23:36   1:24 python main.py
top - 23:37:43 up 27 min,  2 users,  load average: 4.30, 1.58, 0.89
Threads:  13 total,   2 running,  11 sleeping,   0 stopped,   0 zombie
%Cpu(s):100.0 us,  0.0 sy,  0.0 ni,  0.0 id,  0.0 wa,  0.0 hi,  0.0 si,  0.0 st 
MiB Mem :   7645.2 total,   6055.9 free,    778.3 used,    927.9 buff/cache     
MiB Swap:    512.0 total,    512.0 free,      0.0 used.   6866.9 avail Mem 

    PID USER      PR  NI    VIRT    RES    SHR S  %CPU  %MEM     TIME+ COMMAND
  10154 kp101     20   0 1515972 180272 106000 R  93.3   2.3   1:25.06 python
  10199 kp101     20   0 1515972 180272 106000 S  40.0   2.3   0:26.13 python
  10202 kp101     20   0 1515972 180272 106000 R  40.0   2.3   0:24.76 python
  10197 kp101     20   0 1515972 180272 106000 S   6.7   2.3   0:25.93 python
  10155 kp101     20   0 1515972 180272 106000 S   0.0   2.3   0:00.07 python
  10156 kp101     20   0 1515972 180272 106000 S   0.0   2.3   0:00.07 python
  10157 kp101     20   0 1515972 180272 106000 S   0.0   2.3   0:00.07 python
  10196 kp101     20   0 1515972 180272 106000 S   0.0   2.3   0:00.01 threade+
  10198 kp101     20   0 1515972 180272 106000 S   0.0   2.3   0:00.01 threade+
  10200 kp101     20   0 1515972 180272 106000 S   0.0   2.3   0:00.00 threade+
  10385 kp101     20   0 1515972 180272 106000 S   0.0   2.3   0:00.00 QDBusCo+
  10386 kp101     20   0 1515972 180272 106000 S   0.0   2.3   0:00.01 Wayland+
  10387 kp101     20   0 1515972 180272 106000 S   0.0   2.3   0:00.01 Wayland+

--- 23:37:45 ---
 6  0      0 6200864  50668 900124    0    0   240     0 8388 9625 65  2 33  0  0
Mem:            7645         778        6055          22         928        6867
temp=81.8'C
frequency(48)=1800457088
Python processes:
kp101      10154 83.8  2.3 1515972 180276 pts/1  Rl+  23:36   1:27 python main.py
top - 23:37:46 up 27 min,  2 users,  load average: 4.44, 1.66, 0.92
Threads:  13 total,   2 running,  11 sleeping,   0 stopped,   0 zombie
%Cpu(s): 75.0 us, 25.0 sy,  0.0 ni,  0.0 id,  0.0 wa,  0.0 hi,  0.0 si,  0.0 st 
MiB Mem :   7645.2 total,   6054.1 free,    779.3 used,    928.8 buff/cache     
MiB Swap:    512.0 total,    512.0 free,      0.0 used.   6865.9 avail Mem 

    PID USER      PR  NI    VIRT    RES    SHR S  %CPU  %MEM     TIME+ COMMAND
  10154 kp101     20   0 1515972 180276 106000 S  68.8   2.3   1:27.78 python
  10202 kp101     20   0 1515972 180276 106000 R  31.2   2.3   0:25.60 python
  10199 kp101     20   0 1515972 180276 106000 R  25.0   2.3   0:26.99 python
  10197 kp101     20   0 1515972 180276 106000 S  12.5   2.3   0:26.74 python
  10155 kp101     20   0 1515972 180276 106000 S   0.0   2.3   0:00.07 python
  10156 kp101     20   0 1515972 180276 106000 S   0.0   2.3   0:00.07 python
  10157 kp101     20   0 1515972 180276 106000 S   0.0   2.3   0:00.07 python
  10196 kp101     20   0 1515972 180276 106000 S   0.0   2.3   0:00.01 threade+
  10198 kp101     20   0 1515972 180276 106000 S   0.0   2.3   0:00.01 threade+
  10200 kp101     20   0 1515972 180276 106000 S   0.0   2.3   0:00.00 threade+
  10385 kp101     20   0 1515972 180276 106000 S   0.0   2.3   0:00.00 QDBusCo+
  10386 kp101     20   0 1515972 180276 106000 S   0.0   2.3   0:00.01 Wayland+
  10387 kp101     20   0 1515972 180276 106000 S   0.0   2.3   0:00.01 Wayland+

--- 23:37:49 ---
 7  0      0 6199392  50684 900876    0    0   160     0 7325 7638 64  1 35  0  0
Mem:            7645         779        6053          22         929        6866
temp=81.8'C
frequency(48)=1800404352
Python processes:
kp101      10154 83.7  2.3 1515972 180276 pts/1  Rl+  23:36   1:30 python main.py
top - 23:37:50 up 27 min,  2 users,  load average: 4.40, 1.69, 0.93
Threads:  13 total,   1 running,  12 sleeping,   0 stopped,   0 zombie
%Cpu(s):  0.0 us,  0.0 sy,  0.0 ni,100.0 id,  0.0 wa,  0.0 hi,  0.0 si,  0.0 st 
MiB Mem :   7645.2 total,   6050.7 free,    782.0 used,    929.5 buff/cache     
MiB Swap:    512.0 total,    512.0 free,      0.0 used.   6863.2 avail Mem 

    PID USER      PR  NI    VIRT    RES    SHR S  %CPU  %MEM     TIME+ COMMAND
  10154 kp101     20   0 1515972 180276 106000 S  87.5   2.3   1:30.44 python
  10197 kp101     20   0 1515972 180276 106000 R  31.2   2.3   0:27.57 python
  10199 kp101     20   0 1515972 180276 106000 S  25.0   2.3   0:27.80 python
  10202 kp101     20   0 1515972 180276 106000 S  18.8   2.3   0:26.42 python
  10155 kp101     20   0 1515972 180276 106000 S   0.0   2.3   0:00.07 python
  10156 kp101     20   0 1515972 180276 106000 S   0.0   2.3   0:00.07 python
  10157 kp101     20   0 1515972 180276 106000 S   0.0   2.3   0:00.07 python
  10196 kp101     20   0 1515972 180276 106000 S   0.0   2.3   0:00.01 threade+
  10198 kp101     20   0 1515972 180276 106000 S   0.0   2.3   0:00.01 threade+
  10200 kp101     20   0 1515972 180276 106000 S   0.0   2.3   0:00.01 threade+
  10385 kp101     20   0 1515972 180276 106000 S   0.0   2.3   0:00.00 QDBusCo+
  10386 kp101     20   0 1515972 180276 106000 S   0.0   2.3   0:00.01 Wayland+
  10387 kp101     20   0 1515972 180276 106000 S   0.0   2.3   0:00.01 Wayland+

--- 23:37:52 ---
 7  0      0 6196992  50684 901488    0    0   108     0 8086 9095 65  1 34  0  0
Mem:            7645         781        6050          22         929        6863
temp=81.8'C
frequency(48)=1800404352
Python processes:
kp101      10154 83.6  2.3 1515972 180276 pts/1  Sl+  23:36   1:32 python main.py
top - 23:37:53 up 27 min,  2 users,  load average: 4.40, 1.69, 0.93
Threads:  13 total,   1 running,  12 sleeping,   0 stopped,   0 zombie
%Cpu(s):100.0 us,  0.0 sy,  0.0 ni,  0.0 id,  0.0 wa,  0.0 hi,  0.0 si,  0.0 st 
MiB Mem :   7645.2 total,   6049.8 free,    782.5 used,    930.0 buff/cache     
MiB Swap:    512.0 total,    512.0 free,      0.0 used.   6862.7 avail Mem 

    PID USER      PR  NI    VIRT    RES    SHR S  %CPU  %MEM     TIME+ COMMAND
  10154 kp101     20   0 1515972 180276 106000 S  80.0   2.3   1:33.22 python
  10199 kp101     20   0 1515972 180276 106000 S  40.0   2.3   0:28.72 python
  10197 kp101     20   0 1515972 180276 106000 S  20.0   2.3   0:28.38 python
  10202 kp101     20   0 1515972 180276 106000 R  20.0   2.3   0:27.27 python
  10155 kp101     20   0 1515972 180276 106000 S   0.0   2.3   0:00.07 python
  10156 kp101     20   0 1515972 180276 106000 S   0.0   2.3   0:00.07 python
  10157 kp101     20   0 1515972 180276 106000 S   0.0   2.3   0:00.07 python
  10196 kp101     20   0 1515972 180276 106000 S   0.0   2.3   0:00.01 threade+
  10198 kp101     20   0 1515972 180276 106000 S   0.0   2.3   0:00.01 threade+
  10200 kp101     20   0 1515972 180276 106000 S   0.0   2.3   0:00.01 threade+
  10385 kp101     20   0 1515972 180276 106000 S   0.0   2.3   0:00.00 QDBusCo+
  10386 kp101     20   0 1515972 180276 106000 S   0.0   2.3   0:00.01 Wayland+
  10387 kp101     20   0 1515972 180276 106000 S   0.0   2.3   0:00.01 Wayland+

--- 23:37:55 ---
 4  0      0 6193612  50700 902500    0    0   252     0 7802 8554 65  2 34  0  0
Mem:            7645         782        6048          22         931        6862
temp=80.8'C
frequency(48)=1726417920
Python processes:
kp101      10154 83.6  2.3 1515972 180276 pts/1  Sl+  23:36   1:35 python main.py
top - 23:37:57 up 27 min,  2 users,  load average: 4.37, 1.73, 0.95
Threads:  13 total,   2 running,  11 sleeping,   0 stopped,   0 zombie
%Cpu(s): 66.7 us,  0.0 sy,  0.0 ni, 33.3 id,  0.0 wa,  0.0 hi,  0.0 si,  0.0 st 
MiB Mem :   7645.2 total,   6045.5 free,    785.6 used,    931.1 buff/cache     
MiB Swap:    512.0 total,    512.0 free,      0.0 used.   6859.6 avail Mem 

    PID USER      PR  NI    VIRT    RES    SHR S  %CPU  %MEM     TIME+ COMMAND
  10154 kp101     20   0 1515972 180276 106000 R  80.0   2.3   1:36.01 python
  10202 kp101     20   0 1515972 180276 106000 R  33.3   2.3   0:28.26 python
  10197 kp101     20   0 1515972 180276 106000 S  26.7   2.3   0:29.28 python
  10199 kp101     20   0 1515972 180276 106000 S  26.7   2.3   0:29.44 python
  10155 kp101     20   0 1515972 180276 106000 S   0.0   2.3   0:00.07 python
  10156 kp101     20   0 1515972 180276 106000 S   0.0   2.3   0:00.07 python
  10157 kp101     20   0 1515972 180276 106000 S   0.0   2.3   0:00.07 python
  10196 kp101     20   0 1515972 180276 106000 S   0.0   2.3   0:00.01 threade+
  10198 kp101     20   0 1515972 180276 106000 S   0.0   2.3   0:00.01 threade+
  10200 kp101     20   0 1515972 180276 106000 S   0.0   2.3   0:00.01 threade+
  10385 kp101     20   0 1515972 180276 106000 S   0.0   2.3   0:00.00 QDBusCo+
  10386 kp101     20   0 1515972 180276 106000 S   0.0   2.3   0:00.01 Wayland+
  10387 kp101     20   0 1515972 180276 106000 S   0.0   2.3   0:00.01 Wayland+

--- 23:37:59 ---
 5  0      0 6190548  50700 903568    0    0    72    12 7425 7910 65  1 34  0  0
Mem:            7645         785        6045          22         932        6860
temp=82.3'C
frequency(48)=1800457088
Python processes:
kp101      10154 83.6  2.3 1515972 180276 pts/1  Sl+  23:36   1:38 python main.py
top - 23:38:00 up 27 min,  2 users,  load average: 4.34, 1.77, 0.97
Threads:  13 total,   1 running,  12 sleeping,   0 stopped,   0 zombie
%Cpu(s):100.0 us,  0.0 sy,  0.0 ni,  0.0 id,  0.0 wa,  0.0 hi,  0.0 si,  0.0 st 
MiB Mem :   7645.2 total,   6041.6 free,    788.7 used,    932.1 buff/cache     
MiB Swap:    512.0 total,    512.0 free,      0.0 used.   6856.5 avail Mem 

    PID USER      PR  NI    VIRT    RES    SHR S  %CPU  %MEM     TIME+ COMMAND
  10154 kp101     20   0 1515972 180276 106000 S  75.0   2.3   1:38.79 python
  10202 kp101     20   0 1515972 180276 106000 S  25.0   2.3   0:29.10 python
  10197 kp101     20   0 1515972 180276 106000 S  18.8   2.3   0:30.13 python
  10199 kp101     20   0 1515972 180276 106000 R  18.8   2.3   0:30.33 python
  10155 kp101     20   0 1515972 180276 106000 S   0.0   2.3   0:00.07 python
  10156 kp101     20   0 1515972 180276 106000 S   0.0   2.3   0:00.07 python
  10157 kp101     20   0 1515972 180276 106000 S   0.0   2.3   0:00.07 python
  10196 kp101     20   0 1515972 180276 106000 S   0.0   2.3   0:00.01 threade+
  10198 kp101     20   0 1515972 180276 106000 S   0.0   2.3   0:00.01 threade+
  10200 kp101     20   0 1515972 180276 106000 S   0.0   2.3   0:00.01 threade+
  10385 kp101     20   0 1515972 180276 106000 S   0.0   2.3   0:00.00 QDBusCo+
  10386 kp101     20   0 1515972 180276 106000 S   0.0   2.3   0:00.01 Wayland+
  10387 kp101     20   0 1515972 180276 106000 S   0.0   2.3   0:00.01 Wayland+

--- 23:38:02 ---
 5  0      0 6187156  50732 904120    0    0   252     0 7433 7913 64  1 35  0  0
Mem:            7645         787        6042          22         932        6857
temp=82.3'C
frequency(48)=1726470656
Python processes:
kp101      10154 83.5  2.3 1515972 180276 pts/1  Sl+  23:36   1:41 python main.py
top - 23:38:03 up 27 min,  2 users,  load average: 4.34, 1.77, 0.97
Threads:  13 total,   2 running,  11 sleeping,   0 stopped,   0 zombie
%Cpu(s): 50.0 us, 25.0 sy,  0.0 ni, 25.0 id,  0.0 wa,  0.0 hi,  0.0 si,  0.0 st 
MiB Mem :   7645.2 total,   6040.7 free,    788.9 used,    932.7 buff/cache     
MiB Swap:    512.0 total,    512.0 free,      0.0 used.   6856.3 avail Mem 

    PID USER      PR  NI    VIRT    RES    SHR S  %CPU  %MEM     TIME+ COMMAND
  10154 kp101     20   0 1515972 180276 106000 S  93.8   2.3   1:41.58 python
  10202 kp101     20   0 1515972 180276 106000 S  37.5   2.3   0:30.02 python
  10199 kp101     20   0 1515972 180276 106000 R  31.2   2.3   0:31.15 python
  10197 kp101     20   0 1515972 180276 106000 S  18.8   2.3   0:30.99 python
  10155 kp101     20   0 1515972 180276 106000 S   0.0   2.3   0:00.07 python
  10156 kp101     20   0 1515972 180276 106000 S   0.0   2.3   0:00.07 python
  10157 kp101     20   0 1515972 180276 106000 S   0.0   2.3   0:00.07 python
  10196 kp101     20   0 1515972 180276 106000 S   0.0   2.3   0:00.01 threade+
  10198 kp101     20   0 1515972 180276 106000 S   0.0   2.3   0:00.01 threade+
  10200 kp101     20   0 1515972 180276 106000 S   0.0   2.3   0:00.01 threade+
  10385 kp101     20   0 1515972 180276 106000 S   0.0   2.3   0:00.00 QDBusCo+
  10386 kp101     20   0 1515972 180276 106000 R   0.0   2.3   0:00.01 Wayland+
  10387 kp101     20   0 1515972 180276 106000 S   0.0   2.3   0:00.01 Wayland+

--- 23:38:05 ---
 4  0      0 6183720  50748 904936    0    0   104     0 7545 8216 65  1 34  0  0
Mem:            7645         790        6038          22         933        6855
temp=82.3'C
frequency(48)=1775408256
Python processes:
kp101      10154 83.5  2.3 1515972 180280 pts/1  Sl+  23:36   1:44 python main.py
top - 23:38:07 up 27 min,  2 users,  load average: 4.63, 1.87, 1.00
Threads:  13 total,   1 running,  12 sleeping,   0 stopped,   0 zombie
%Cpu(s):  0.0 us,  0.0 sy,  0.0 ni,100.0 id,  0.0 wa,  0.0 hi,  0.0 si,  0.0 st 
MiB Mem :   7645.2 total,   6036.0 free,    792.9 used,    933.4 buff/cache     
MiB Swap:    512.0 total,    512.0 free,      0.0 used.   6852.3 avail Mem 

    PID USER      PR  NI    VIRT    RES    SHR S  %CPU  %MEM     TIME+ COMMAND
  10154 kp101     20   0 1515972 180280 106000 S  86.7   2.3   1:44.38 python
  10197 kp101     20   0 1515972 180280 106000 R  40.0   2.3   0:31.86 python
  10199 kp101     20   0 1515972 180280 106000 S  26.7   2.3   0:31.99 python
  10202 kp101     20   0 1515972 180280 106000 S  13.3   2.3   0:30.91 python
  10155 kp101     20   0 1515972 180280 106000 S   0.0   2.3   0:00.07 python
  10156 kp101     20   0 1515972 180280 106000 S   0.0   2.3   0:00.07 python
  10157 kp101     20   0 1515972 180280 106000 S   0.0   2.3   0:00.07 python
  10196 kp101     20   0 1515972 180280 106000 S   0.0   2.3   0:00.01 threade+
  10198 kp101     20   0 1515972 180280 106000 S   0.0   2.3   0:00.01 threade+
  10200 kp101     20   0 1515972 180280 106000 S   0.0   2.3   0:00.01 threade+
  10385 kp101     20   0 1515972 180280 106000 S   0.0   2.3   0:00.00 QDBusCo+
  10386 kp101     20   0 1515972 180280 106000 S   0.0   2.3   0:00.01 Wayland+
  10387 kp101     20   0 1515972 180280 106000 S   0.0   2.3   0:00.01 Wayland+

--- 23:38:09 ---
 4  0      0 6183160  50752 905092    0    0     0     0 8844 10374 65  2 33  0  0
Mem:            7645         790        6038          22         933        6854
temp=83.2'C
frequency(48)=1726417920
Python processes:
kp101      10154 83.5  2.3 1515972 180280 pts/1  Rl+  23:36   1:47 python main.py
top - 23:38:10 up 27 min,  2 users,  load average: 4.66, 1.93, 1.03
Threads:  13 total,   1 running,  12 sleeping,   0 stopped,   0 zombie
%Cpu(s): 66.7 us,  0.0 sy,  0.0 ni, 33.3 id,  0.0 wa,  0.0 hi,  0.0 si,  0.0 st 
MiB Mem :   7645.2 total,   6036.1 free,    792.8 used,    933.4 buff/cache     
MiB Swap:    512.0 total,    512.0 free,      0.0 used.   6852.4 avail Mem 

    PID USER      PR  NI    VIRT    RES    SHR S  %CPU  %MEM     TIME+ COMMAND
  10154 kp101     20   0 1515972 180280 106000 S  73.3   2.3   1:47.19 python
  10197 kp101     20   0 1515972 180280 106000 R  33.3   2.3   0:32.72 python
  10199 kp101     20   0 1515972 180280 106000 S  26.7   2.3   0:32.87 python
  10155 kp101     20   0 1515972 180280 106000 S   0.0   2.3   0:00.07 python
  10156 kp101     20   0 1515972 180280 106000 S   0.0   2.3   0:00.07 python
  10157 kp101     20   0 1515972 180280 106000 S   0.0   2.3   0:00.07 python
  10196 kp101     20   0 1515972 180280 106000 S   0.0   2.3   0:00.01 threade+
  10198 kp101     20   0 1515972 180280 106000 S   0.0   2.3   0:00.01 threade+
  10200 kp101     20   0 1515972 180280 106000 S   0.0   2.3   0:00.01 threade+
  10202 kp101     20   0 1515972 180280 106000 S   0.0   2.3   0:31.76 python
  10385 kp101     20   0 1515972 180280 106000 S   0.0   2.3   0:00.00 QDBusCo+
  10386 kp101     20   0 1515972 180280 106000 S   0.0   2.3   0:00.02 Wayland+
  10387 kp101     20   0 1515972 180280 106000 S   0.0   2.3   0:00.01 Wayland+

--- 23:38:12 ---
 6  0      0 6182600  50776 905104    0    0     0     0 11281 13927 74  7 19  0  0
Mem:            7645         750        6078          21         932        6895
temp=82.3'C
frequency(48)=1775460992
Python processes:
kp101      10154 83.3  2.3 1515972 180580 pts/1  Sl+  23:36   1:49 python main.py
top - 23:38:14 up 27 min,  2 users,  load average: 4.77, 2.00, 1.05
Threads:  13 total,   1 running,  12 sleeping,   0 stopped,   0 zombie
%Cpu(s): 66.7 us, 33.3 sy,  0.0 ni,  0.0 id,  0.0 wa,  0.0 hi,  0.0 si,  0.0 st 
MiB Mem :   7645.2 total,   6077.2 free,    751.7 used,    932.6 buff/cache     
MiB Swap:    512.0 total,    512.0 free,      0.0 used.   6893.5 avail Mem 

    PID USER      PR  NI    VIRT    RES    SHR S  %CPU  %MEM     TIME+ COMMAND
  10154 kp101     20   0 1515972 180580 106184 S  93.8   2.3   1:50.10 python
  10197 kp101     20   0 1515972 180580 106184 S  31.2   2.3   0:33.68 python
  10199 kp101     20   0 1515972 180580 106184 R  31.2   2.3   0:33.82 python
  10202 kp101     20   0 1515972 180580 106184 S  25.0   2.3   0:32.66 python
  10155 kp101     20   0 1515972 180580 106184 S   0.0   2.3   0:00.07 python
  10156 kp101     20   0 1515972 180580 106184 S   0.0   2.3   0:00.07 python
  10157 kp101     20   0 1515972 180580 106184 S   0.0   2.3   0:00.07 python
  10196 kp101     20   0 1515972 180580 106184 S   0.0   2.3   0:00.01 threade+
  10198 kp101     20   0 1515972 180580 106184 S   0.0   2.3   0:00.01 threade+
  10200 kp101     20   0 1515972 180580 106184 S   0.0   2.3   0:00.01 threade+
  10385 kp101     20   0 1515972 180580 106184 S   0.0   2.3   0:00.00 QDBusCo+
  10386 kp101     20   0 1515972 180580 106184 S   0.0   2.3   0:00.02 Wayland+
  10387 kp101     20   0 1515972 180580 106184 S   0.0   2.3   0:00.02 Wayland+

Stopped: Wed  8 Oct 23:38:15 BST 2025
