--- 23:36:02 ---
 2  0      0 6539624  50372 884248    0    0     0     4 2667 3396 28  7 65  0  0
Mem:            7645         483        6359          16         912        7161
temp=61.8'C
frequency(48)=1800404352
Python processes:
kp101      10154  123  1.3 597640 105072 pts/1   Rl+  23:36   0:00 python main.py
top - 23:36:03 up 25 min,  2 users,  load average: 0.18, 0.31, 0.45
Threads:   4 total,   1 running,   3 sleeping,   0 stopped,   0 zombie
%Cpu(s):  0.0 us,  0.0 sy,  0.0 ni,100.0 id,  0.0 wa,  0.0 hi,  0.0 si,  0.0 st 
MiB Mem :   7645.2 total,   6354.0 free,    489.3 used,    912.7 buff/cache     
MiB Swap:    512.0 total,    512.0 free,      0.0 used.   7155.9 avail Mem 

    PID USER      PR  NI    VIRT    RES    SHR S  %CPU  %MEM     TIME+ COMMAND
  10154 kp101     20   0  606916 118152  70916 R  99.9   1.5   0:01.18 python
  10155 kp101     20   0  606916 118152  70916 S   0.0   1.5   0:00.07 python
  10156 kp101     20   0  606916 118152  70916 S   0.0   1.5   0:00.07 python
  10157 kp101     20   0  606916 118152  70916 S   0.0   1.5   0:00.07 python

--- 23:36:05 ---
 2  0      0 6471196  50412 884712    0    0     0     0 5280 4024 28  3 69  0  0
Mem:            7645         525        6318          17         913        7119
temp=63.7'C
frequency(48)=1800404352
Python processes:
kp101      10154  101  1.7 1197092 136908 pts/1  Sl+  23:36   0:04 python main.py
top - 23:36:06 up 25 min,  2 users,  load average: 0.48, 0.37, 0.47
Threads:  10 total,   1 running,   9 sleeping,   0 stopped,   0 zombie
%Cpu(s):  0.0 us,  0.0 sy,  0.0 ni,100.0 id,  0.0 wa,  0.0 hi,  0.0 si,  0.0 st 
MiB Mem :   7645.2 total,   6317.6 free,    525.7 used,    913.2 buff/cache     
MiB Swap:    512.0 total,    512.0 free,      0.0 used.   7119.5 avail Mem 

    PID USER      PR  NI    VIRT    RES    SHR S  %CPU  %MEM     TIME+ COMMAND
  10154 kp101     20   0 1197092 136996  72608 S  99.9   1.7   0:04.37 python
  10197 kp101     20   0 1197092 136996  72608 S  33.3   1.7   0:01.17 python
  10202 kp101     20   0 1197092 136996  72608 S  26.7   1.7   0:00.60 python
  10199 kp101     20   0 1197092 136996  72608 R  13.3   1.7   0:00.88 python
  10155 kp101     20   0 1197092 136996  72608 S   0.0   1.7   0:00.07 python
  10156 kp101     20   0 1197092 136996  72608 S   0.0   1.7   0:00.07 python
  10157 kp101     20   0 1197092 136996  72608 S   0.0   1.7   0:00.07 python
  10196 kp101     20   0 1197092 136996  72608 S   0.0   1.7   0:00.00 threade+
  10198 kp101     20   0 1197092 136996  72608 S   0.0   1.7   0:00.00 threade+
  10200 kp101     20   0 1197092 136996  72608 S   0.0   1.7   0:00.00 threade+

--- 23:36:08 ---
 2  0      0 6469220  50412 884708    0    0     0     0 5481 4182 27  3 70  0  0
Mem:            7645         527        6315          17         913        7117
temp=63.3'C
frequency(48)=1800404352
Python processes:
kp101      10154  101  1.9 1279896 151956 pts/1  Sl+  23:36   0:07 python main.py
top - 23:36:09 up 25 min,  2 users,  load average: 0.52, 0.38, 0.47
Threads:  10 total,   1 running,   9 sleeping,   0 stopped,   0 zombie
%Cpu(s): 50.0 us,  0.0 sy,  0.0 ni, 50.0 id,  0.0 wa,  0.0 hi,  0.0 si,  0.0 st 
MiB Mem :   7645.2 total,   6315.7 free,    527.6 used,    913.2 buff/cache     
MiB Swap:    512.0 total,    512.0 free,      0.0 used.   7117.6 avail Mem 

    PID USER      PR  NI    VIRT    RES    SHR S  %CPU  %MEM     TIME+ COMMAND
  10154 kp101     20   0 1279896 154160  87156 S  99.9   2.0   0:07.68 python
  10199 kp101     20   0 1279896 154160  87156 S  40.0   2.0   0:01.76 python
  10202 kp101     20   0 1279896 154160  87156 R  40.0   2.0   0:01.94 python
  10197 kp101     20   0 1279896 154160  87156 S  20.0   2.0   0:02.10 python
  10155 kp101     20   0 1279896 154160  87156 S   0.0   2.0   0:00.07 python
  10156 kp101     20   0 1279896 154160  87156 S   0.0   2.0   0:00.07 python
  10157 kp101     20   0 1279896 154160  87156 S   0.0   2.0   0:00.07 python
  10196 kp101     20   0 1279896 154160  87156 S   0.0   2.0   0:00.00 threade+
  10198 kp101     20   0 1279896 154160  87156 S   0.0   2.0   0:00.00 threade+
  10200 kp101     20   0 1279896 154160  87156 S   0.0   2.0   0:00.00 threade+

--- 23:36:11 ---
 2  0      0 6467204  50420 884720    0    0     0     0 5329 4116 27  3 70  0  0
Mem:            7645         529        6314          17         913        7116
temp=64.2'C
frequency(48)=1800457088
Python processes:
kp101      10154  100  2.0 1281944 158244 pts/1  Sl+  23:36   0:10 python main.py
top - 23:36:13 up 25 min,  2 users,  load average: 0.52, 0.38, 0.47
Threads:  10 total,   1 running,   9 sleeping,   0 stopped,   0 zombie
%Cpu(s):100.0 us,  0.0 sy,  0.0 ni,  0.0 id,  0.0 wa,  0.0 hi,  0.0 si,  0.0 st 
MiB Mem :   7645.2 total,   6312.5 free,    530.8 used,    913.2 buff/cache     
MiB Swap:    512.0 total,    512.0 free,      0.0 used.   7114.4 avail Mem 

    PID USER      PR  NI    VIRT    RES    SHR S  %CPU  %MEM     TIME+ COMMAND
  10154 kp101     20   0 1281944 158280  90036 S  99.9   2.0   0:10.98 python
  10199 kp101     20   0 1281944 158280  90036 S  46.7   2.0   0:03.07 python
  10202 kp101     20   0 1281944 158280  90036 R  33.3   2.0   0:02.67 python
  10197 kp101     20   0 1281944 158280  90036 S  13.3   2.0   0:03.21 python
  10155 kp101     20   0 1281944 158280  90036 S   0.0   2.0   0:00.07 python
  10156 kp101     20   0 1281944 158280  90036 S   0.0   2.0   0:00.07 python
  10157 kp101     20   0 1281944 158280  90036 S   0.0   2.0   0:00.07 python
  10196 kp101     20   0 1281944 158280  90036 S   0.0   2.0   0:00.00 threade+
  10198 kp101     20   0 1281944 158280  90036 S   0.0   2.0   0:00.00 threade+
  10200 kp101     20   0 1281944 158280  90036 S   0.0   2.0   0:00.00 threade+

--- 23:36:15 ---
 2  0      0 6464528  50420 884728    0    0     0     0 5621 4431 28  3 69  0  0
Mem:            7645         528        6314          17         913        7116
temp=65.7'C
frequency(48)=1800404352
Python processes:
kp101      10154  100  2.0 1282080 158680 pts/1  Sl+  23:36   0:14 python main.py
top - 23:36:16 up 25 min,  2 users,  load average: 0.56, 0.39, 0.48
Threads:  10 total,   1 running,   9 sleeping,   0 stopped,   0 zombie
%Cpu(s): 50.0 us,  0.0 sy,  0.0 ni, 50.0 id,  0.0 wa,  0.0 hi,  0.0 si,  0.0 st 
MiB Mem :   7645.2 total,   6313.8 free,    529.5 used,    913.2 buff/cache     
MiB Swap:    512.0 total,    512.0 free,      0.0 used.   7115.7 avail Mem 

    PID USER      PR  NI    VIRT    RES    SHR S  %CPU  %MEM     TIME+ COMMAND
  10154 kp101     20   0 1282080 158696  90080 S  93.8   2.0   0:14.29 python
  10199 kp101     20   0 1282080 158696  90080 S  50.0   2.0   0:04.15 python
  10202 kp101     20   0 1282080 158696  90080 R  31.2   2.0   0:03.68 python
  10197 kp101     20   0 1282080 158696  90080 S  12.5   2.0   0:04.41 python
  10155 kp101     20   0 1282080 158696  90080 S   0.0   2.0   0:00.07 python
  10156 kp101     20   0 1282080 158696  90080 S   0.0   2.0   0:00.07 python
  10157 kp101     20   0 1282080 158696  90080 S   0.0   2.0   0:00.07 python
  10196 kp101     20   0 1282080 158696  90080 S   0.0   2.0   0:00.00 threade+
  10198 kp101     20   0 1282080 158696  90080 S   0.0   2.0   0:00.00 threade+
  10200 kp101     20   0 1282080 158696  90080 S   0.0   2.0   0:00.00 threade+

--- 23:36:18 ---
 4  0      0 6458756  50428 884772    0    0     0     0 5904 4872 38  5 58  0  0
Mem:            7645         547        6295          17         913        7097
temp=65.2'C
frequency(48)=1800404352
Python processes:
kp101      10154  100  2.1 1506600 168340 pts/1  Sl+  23:36   0:17 python main.py
top - 23:36:19 up 26 min,  2 users,  load average: 0.60, 0.40, 0.48
Threads:  13 total,   1 running,  12 sleeping,   0 stopped,   0 zombie
%Cpu(s):100.0 us,  0.0 sy,  0.0 ni,  0.0 id,  0.0 wa,  0.0 hi,  0.0 si,  0.0 st 
MiB Mem :   7645.2 total,   6279.8 free,    563.5 used,    913.3 buff/cache     
MiB Swap:    512.0 total,    512.0 free,      0.0 used.   7081.7 avail Mem 

    PID USER      PR  NI    VIRT    RES    SHR S  %CPU  %MEM     TIME+ COMMAND
  10154 kp101     20   0 1506868 169460  98808 R  75.0   2.2   0:17.58 python
  10202 kp101     20   0 1506868 169460  98808 S  31.2   2.2   0:04.65 python
  10199 kp101     20   0 1506868 169460  98808 S  25.0   2.2   0:05.32 python
  10197 kp101     20   0 1506868 169460  98808 S  12.5   2.2   0:05.43 python
  10155 kp101     20   0 1506868 169460  98808 S   0.0   2.2   0:00.07 python
  10156 kp101     20   0 1506868 169460  98808 S   0.0   2.2   0:00.07 python
  10157 kp101     20   0 1506868 169460  98808 S   0.0   2.2   0:00.07 python
  10196 kp101     20   0 1506868 169460  98808 S   0.0   2.2   0:00.00 threade+
  10198 kp101     20   0 1506868 169460  98808 S   0.0   2.2   0:00.00 threade+
  10200 kp101     20   0 1506868 169460  98808 S   0.0   2.2   0:00.00 threade+
  10385 kp101     20   0 1506868 169460  98808 S   0.0   2.2   0:00.00 QDBusCo+
  10386 kp101     20   0 1506868 169460  98808 S   0.0   2.2   0:00.00 Wayland+
  10387 kp101     20   0 1506868 169460  98808 S   0.0   2.2   0:00.00 Wayland+

--- 23:36:21 ---
 5  0      0 6287108  50436 885692    0    0     0    76 8169 9039 67  5 28  0  0
Mem:            7645         714        6128          19         915        6930
temp=68.1'C
frequency(48)=1800457088
Python processes:
kp101      10154 97.2  2.2 1513448 178516 pts/1  Sl+  23:36   0:20 python main.py
top - 23:36:23 up 26 min,  2 users,  load average: 0.60, 0.40, 0.48
Threads:  13 total,   3 running,  10 sleeping,   0 stopped,   0 zombie
%Cpu(s):100.0 us,  0.0 sy,  0.0 ni,  0.0 id,  0.0 wa,  0.0 hi,  0.0 si,  0.0 st 
MiB Mem :   7645.2 total,   6124.2 free,    719.0 used,    915.6 buff/cache     
MiB Swap:    512.0 total,    512.0 free,      0.0 used.   6926.2 avail Mem 

    PID USER      PR  NI    VIRT    RES    SHR S  %CPU  %MEM     TIME+ COMMAND
  10154 kp101     20   0 1513448 178596 104436 R  80.0   2.3   0:20.37 python
  10199 kp101     20   0 1513448 178596 104436 R  26.7   2.3   0:06.15 python
  10197 kp101     20   0 1513448 178596 104436 S  20.0   2.3   0:06.23 python
  10202 kp101     20   0 1513448 178596 104436 R  20.0   2.3   0:05.34 python
  10155 kp101     20   0 1513448 178596 104436 S   0.0   2.3   0:00.07 python
  10156 kp101     20   0 1513448 178596 104436 S   0.0   2.3   0:00.07 python
  10157 kp101     20   0 1513448 178596 104436 S   0.0   2.3   0:00.07 python
  10196 kp101     20   0 1513448 178596 104436 S   0.0   2.3   0:00.00 threade+
  10198 kp101     20   0 1513448 178596 104436 S   0.0   2.3   0:00.00 threade+
  10200 kp101     20   0 1513448 178596 104436 S   0.0   2.3   0:00.00 threade+
  10385 kp101     20   0 1513448 178596 104436 S   0.0   2.3   0:00.00 QDBusCo+
  10386 kp101     20   0 1513448 178596 104436 S   0.0   2.3   0:00.00 Wayland+
  10387 kp101     20   0 1513448 178596 104436 S   0.0   2.3   0:00.00 Wayland+

--- 23:36:25 ---
 6  0      0 6266976  50484 890372    0    0     0     0 12006 15338 65  5 30  0  0
Mem:            7645         726        6116          22         918        6918
temp=69.6'C
frequency(48)=1800457088
Python processes:
kp101      10154 94.7  2.3 1514948 180192 pts/1  Sl+  23:36   0:22 python main.py
top - 23:36:26 up 26 min,  2 users,  load average: 0.79, 0.44, 0.49
Threads:  13 total,   2 running,  11 sleeping,   0 stopped,   0 zombie
%Cpu(s): 50.0 us, 50.0 sy,  0.0 ni,  0.0 id,  0.0 wa,  0.0 hi,  0.0 si,  0.0 st 
MiB Mem :   7645.2 total,   6115.1 free,    728.1 used,    918.8 buff/cache     
MiB Swap:    512.0 total,    512.0 free,      0.0 used.   6917.1 avail Mem 

    PID USER      PR  NI    VIRT    RES    SHR S  %CPU  %MEM     TIME+ COMMAND
  10154 kp101     20   0 1514948 180196 105992 S  86.7   2.3   0:23.11 python
  10197 kp101     20   0 1514948 180196 105992 R  33.3   2.3   0:07.03 python
  10202 kp101     20   0 1514948 180196 105992 R  26.7   2.3   0:06.07 python
  10199 kp101     20   0 1514948 180196 105992 S  20.0   2.3   0:06.94 python
  10155 kp101     20   0 1514948 180196 105992 S   0.0   2.3   0:00.07 python
  10156 kp101     20   0 1514948 180196 105992 S   0.0   2.3   0:00.07 python
  10157 kp101     20   0 1514948 180196 105992 S   0.0   2.3   0:00.07 python
  10196 kp101     20   0 1514948 180196 105992 S   0.0   2.3   0:00.00 threade+
  10198 kp101     20   0 1514948 180196 105992 S   0.0   2.3   0:00.00 threade+
  10200 kp101     20   0 1514948 180196 105992 S   0.0   2.3   0:00.00 threade+
  10385 kp101     20   0 1514948 180196 105992 S   0.0   2.3   0:00.00 QDBusCo+
  10386 kp101     20   0 1514948 180196 105992 S   0.0   2.3   0:00.00 Wayland+
  10387 kp101     20   0 1514948 180196 105992 S   0.0   2.3   0:00.00 Wayland+

--- 23:36:28 ---
 4  0      0 6261104  50492 890380    0    0     0   220 7344 7404 66  3 31  0  0
Mem:            7645         730        6112          22         918        6914
temp=71.1'C
frequency(48)=1800457088
Python processes:
kp101      10154 93.2  2.3 1514948 180204 pts/1  Sl+  23:36   0:25 python main.py
top - 23:36:30 up 26 min,  2 users,  load average: 1.53, 0.60, 0.54
Threads:  13 total,   2 running,  11 sleeping,   0 stopped,   0 zombie
%Cpu(s):  0.0 us,  0.0 sy,  0.0 ni,100.0 id,  0.0 wa,  0.0 hi,  0.0 si,  0.0 st 
MiB Mem :   7645.2 total,   6111.1 free,    732.1 used,    918.8 buff/cache     
MiB Swap:    512.0 total,    512.0 free,      0.0 used.   6913.1 avail Mem 

    PID USER      PR  NI    VIRT    RES    SHR S  %CPU  %MEM     TIME+ COMMAND
  10154 kp101     20   0 1514948 180204 105996 S  93.3   2.3   0:25.88 python
  10202 kp101     20   0 1514948 180204 105996 R  46.7   2.3   0:06.91 python
  10197 kp101     20   0 1514948 180204 105996 R  20.0   2.3   0:07.88 python
  10199 kp101     20   0 1514948 180204 105996 S  20.0   2.3   0:07.80 python
  10155 kp101     20   0 1514948 180204 105996 S   0.0   2.3   0:00.07 python
  10156 kp101     20   0 1514948 180204 105996 S   0.0   2.3   0:00.07 python
  10157 kp101     20   0 1514948 180204 105996 S   0.0   2.3   0:00.07 python
  10196 kp101     20   0 1514948 180204 105996 S   0.0   2.3   0:00.00 threade+
  10198 kp101     20   0 1514948 180204 105996 S   0.0   2.3   0:00.00 threade+
  10200 kp101     20   0 1514948 180204 105996 S   0.0   2.3   0:00.00 threade+
  10385 kp101     20   0 1514948 180204 105996 S   0.0   2.3   0:00.00 QDBusCo+
  10386 kp101     20   0 1514948 180204 105996 S   0.0   2.3   0:00.00 Wayland+
  10387 kp101     20   0 1514948 180204 105996 S   0.0   2.3   0:00.00 Wayland+

--- 23:36:32 ---
 5  0      0 6256584  50492 890380    0    0     0     0 7993 9258 68  3 29  0  0
Mem:            7645         736        6106          22         918        6908
temp=72.0'C
frequency(48)=1800457088
Python processes:
kp101      10154 92.1  2.3 1514948 180216 pts/1  Sl+  23:36   0:28 python main.py
top - 23:36:33 up 26 min,  2 users,  load average: 1.53, 0.60, 0.54
Threads:  13 total,   1 running,  12 sleeping,   0 stopped,   0 zombie
%Cpu(s):100.0 us,  0.0 sy,  0.0 ni,  0.0 id,  0.0 wa,  0.0 hi,  0.0 si,  0.0 st 
MiB Mem :   7645.2 total,   6105.9 free,    737.3 used,    918.8 buff/cache     
MiB Swap:    512.0 total,    512.0 free,      0.0 used.   6907.9 avail Mem 

    PID USER      PR  NI    VIRT    RES    SHR S  %CPU  %MEM     TIME+ COMMAND
  10154 kp101     20   0 1514948 180216 106000 S  87.5   2.3   0:28.71 python
  10199 kp101     20   0 1514948 180216 106000 R  31.2   2.3   0:08.72 python
  10202 kp101     20   0 1514948 180216 106000 S  18.8   2.3   0:07.70 python
  10197 kp101     20   0 1514948 180216 106000 S  12.5   2.3   0:08.81 python
  10155 kp101     20   0 1514948 180216 106000 S   0.0   2.3   0:00.07 python
  10156 kp101     20   0 1514948 180216 106000 S   0.0   2.3   0:00.07 python
  10157 kp101     20   0 1514948 180216 106000 S   0.0   2.3   0:00.07 python
  10196 kp101     20   0 1514948 180216 106000 S   0.0   2.3   0:00.00 threade+
  10198 kp101     20   0 1514948 180216 106000 S   0.0   2.3   0:00.00 threade+
  10200 kp101     20   0 1514948 180216 106000 S   0.0   2.3   0:00.00 threade+
  10385 kp101     20   0 1514948 180216 106000 S   0.0   2.3   0:00.00 QDBusCo+
  10386 kp101     20   0 1514948 180216 106000 S   0.0   2.3   0:00.00 Wayland+
  10387 kp101     20   0 1514948 180216 106000 S   0.0   2.3   0:00.00 Wayland+

--- 23:36:35 ---
 4  0      0 6256924  50500 890384    0    0     0     0 7537 8193 65  4 31  0  0
Mem:            7645         732        6110          22         918        6912
temp=72.5'C
frequency(48)=1800404352
Python processes:
kp101      10154 91.1  2.3 1514948 180220 pts/1  Sl+  23:36   0:31 python main.py
top - 23:36:36 up 26 min,  2 users,  load average: 1.65, 0.64, 0.56
Threads:  13 total,   1 running,  12 sleeping,   0 stopped,   0 zombie
%Cpu(s):100.0 us,  0.0 sy,  0.0 ni,  0.0 id,  0.0 wa,  0.0 hi,  0.0 si,  0.0 st 
MiB Mem :   7645.2 total,   6110.6 free,    732.5 used,    918.8 buff/cache     
MiB Swap:    512.0 total,    512.0 free,      0.0 used.   6912.7 avail Mem 

    PID USER      PR  NI    VIRT    RES    SHR S  %CPU  %MEM     TIME+ COMMAND
  10154 kp101     20   0 1514948 180220 106000 S  68.8   2.3   0:31.45 python
  10197 kp101     20   0 1514948 180220 106000 S  18.8   2.3   0:09.68 python
  10199 kp101     20   0 1514948 180220 106000 S  18.8   2.3   0:09.55 python
  10202 kp101     20   0 1514948 180220 106000 R  18.8   2.3   0:08.60 python
  10155 kp101     20   0 1514948 180220 106000 S   0.0   2.3   0:00.07 python
  10156 kp101     20   0 1514948 180220 106000 S   0.0   2.3   0:00.07 python
  10157 kp101     20   0 1514948 180220 106000 S   0.0   2.3   0:00.07 python
  10196 kp101     20   0 1514948 180220 106000 S   0.0   2.3   0:00.00 threade+
  10198 kp101     20   0 1514948 180220 106000 S   0.0   2.3   0:00.00 threade+
  10200 kp101     20   0 1514948 180220 106000 S   0.0   2.3   0:00.00 threade+
  10385 kp101     20   0 1514948 180220 106000 S   0.0   2.3   0:00.00 QDBusCo+
  10386 kp101     20   0 1514948 180220 106000 S   0.0   2.3   0:00.00 Wayland+
  10387 kp101     20   0 1514948 180220 106000 S   0.0   2.3   0:00.00 Wayland+

--- 23:36:38 ---
 5  0      0 6259064  50500 890400    0    0     0     0 7178 7757 69  2 29  0  0
Mem:            7645         730        6112          22         918        6914
temp=73.5'C
frequency(48)=1800457088
Python processes:
kp101      10154 90.4  2.3 1514948 180224 pts/1  Sl+  23:36   0:34 python main.py
top - 23:36:40 up 26 min,  2 users,  load average: 1.83, 0.70, 0.58
Threads:  13 total,   2 running,  11 sleeping,   0 stopped,   0 zombie
%Cpu(s): 33.3 us, 33.3 sy,  0.0 ni, 33.3 id,  0.0 wa,  0.0 hi,  0.0 si,  0.0 st 
MiB Mem :   7645.2 total,   6110.9 free,    732.2 used,    918.9 buff/cache     
MiB Swap:    512.0 total,    512.0 free,      0.0 used.   6913.0 avail Mem 

    PID USER      PR  NI    VIRT    RES    SHR S  %CPU  %MEM     TIME+ COMMAND
  10154 kp101     20   0 1514948 180224 106000 S  73.3   2.3   0:34.22 python
  10199 kp101     20   0 1514948 180224 106000 S  26.7   2.3   0:10.48 python
  10197 kp101     20   0 1514948 180224 106000 R  20.0   2.3   0:10.46 python
  10202 kp101     20   0 1514948 180224 106000 R  20.0   2.3   0:09.45 python
  10155 kp101     20   0 1514948 180224 106000 S   0.0   2.3   0:00.07 python
  10156 kp101     20   0 1514948 180224 106000 S   0.0   2.3   0:00.07 python
  10157 kp101     20   0 1514948 180224 106000 S   0.0   2.3   0:00.07 python
  10196 kp101     20   0 1514948 180224 106000 S   0.0   2.3   0:00.00 threade+
  10198 kp101     20   0 1514948 180224 106000 S   0.0   2.3   0:00.00 threade+
  10200 kp101     20   0 1514948 180224 106000 S   0.0   2.3   0:00.00 threade+
  10385 kp101     20   0 1514948 180224 106000 S   0.0   2.3   0:00.00 QDBusCo+
  10386 kp101     20   0 1514948 180224 106000 S   0.0   2.3   0:00.00 Wayland+
  10387 kp101     20   0 1514948 180224 106000 S   0.0   2.3   0:00.00 Wayland+

--- 23:36:42 ---
 4  0      0 6258420  50508 890396    0    0     0     0 9182 11360 65  4 31  0  0
Mem:            7645         732        6110          22         918        6912
temp=74.0'C
frequency(48)=1800457088
Python processes:
kp101      10154 89.6  2.3 1514948 180232 pts/1  Sl+  23:36   0:36 python main.py
top - 23:36:43 up 26 min,  2 users,  load average: 1.83, 0.70, 0.58
Threads:  13 total,   2 running,  11 sleeping,   0 stopped,   0 zombie
%Cpu(s):100.0 us,  0.0 sy,  0.0 ni,  0.0 id,  0.0 wa,  0.0 hi,  0.0 si,  0.0 st 
MiB Mem :   7645.2 total,   6110.8 free,    732.4 used,    918.9 buff/cache     
MiB Swap:    512.0 total,    512.0 free,      0.0 used.   6912.8 avail Mem 

    PID USER      PR  NI    VIRT    RES    SHR S  %CPU  %MEM     TIME+ COMMAND
  10154 kp101     20   0 1514948 180232 106000 S  68.8   2.3   0:36.92 python
  10197 kp101     20   0 1514948 180232 106000 S  25.0   2.3   0:11.27 python
  10199 kp101     20   0 1514948 180232 106000 R  18.8   2.3   0:11.37 python
  10202 kp101     20   0 1514948 180232 106000 R  18.8   2.3   0:10.24 python
  10155 kp101     20   0 1514948 180232 106000 S   0.0   2.3   0:00.07 python
  10156 kp101     20   0 1514948 180232 106000 S   0.0   2.3   0:00.07 python
  10157 kp101     20   0 1514948 180232 106000 S   0.0   2.3   0:00.07 python
  10196 kp101     20   0 1514948 180232 106000 S   0.0   2.3   0:00.00 threade+
  10198 kp101     20   0 1514948 180232 106000 S   0.0   2.3   0:00.00 threade+
  10200 kp101     20   0 1514948 180232 106000 S   0.0   2.3   0:00.00 threade+
  10385 kp101     20   0 1514948 180232 106000 S   0.0   2.3   0:00.00 QDBusCo+
  10386 kp101     20   0 1514948 180232 106000 S   0.0   2.3   0:00.00 Wayland+
  10387 kp101     20   0 1514948 180232 106000 S   0.0   2.3   0:00.00 Wayland+

--- 23:36:45 ---
 5  0      0 6257828  50516 890400    0    0     0     0 8738 10231 66  4 31  0  0
Mem:            7645         734        6108          22         918        6910
temp=75.4'C
frequency(48)=1800457088
Python processes:
kp101      10154 88.9  2.3 1514948 180236 pts/1  Sl+  23:36   0:39 python main.py
top - 23:36:46 up 26 min,  2 users,  load average: 2.09, 0.77, 0.60
Threads:  13 total,   1 running,  12 sleeping,   0 stopped,   0 zombie
%Cpu(s):100.0 us,  0.0 sy,  0.0 ni,  0.0 id,  0.0 wa,  0.0 hi,  0.0 si,  0.0 st 
MiB Mem :   7645.2 total,   6107.7 free,    735.4 used,    918.9 buff/cache     
MiB Swap:    512.0 total,    512.0 free,      0.0 used.   6909.8 avail Mem 

    PID USER      PR  NI    VIRT    RES    SHR S  %CPU  %MEM     TIME+ COMMAND
  10154 kp101     20   0 1514948 180236 106000 S  73.3   2.3   0:39.65 python
  10199 kp101     20   0 1514948 180236 106000 S  33.3   2.3   0:12.19 python
  10202 kp101     20   0 1514948 180236 106000 S  33.3   2.3   0:11.07 python
  10197 kp101     20   0 1514948 180236 106000 R  13.3   2.3   0:12.13 python
  10155 kp101     20   0 1514948 180236 106000 S   0.0   2.3   0:00.07 python
  10156 kp101     20   0 1514948 180236 106000 S   0.0   2.3   0:00.07 python
  10157 kp101     20   0 1514948 180236 106000 S   0.0   2.3   0:00.07 python
  10196 kp101     20   0 1514948 180236 106000 S   0.0   2.3   0:00.00 threade+
  10198 kp101     20   0 1514948 180236 106000 S   0.0   2.3   0:00.00 threade+
  10200 kp101     20   0 1514948 180236 106000 S   0.0   2.3   0:00.00 threade+
  10385 kp101     20   0 1514948 180236 106000 S   0.0   2.3   0:00.00 QDBusCo+
  10386 kp101     20   0 1514948 180236 106000 S   0.0   2.3   0:00.00 Wayland+
  10387 kp101     20   0 1514948 180236 106000 S   0.0   2.3   0:00.00 Wayland+

--- 23:36:48 ---
11  0      0 6253808  50516 890404    0    0     0     0 8763 10320 65  4 32  0  0
Mem:            7645         735        6107          22         918        6910
temp=74.5'C
frequency(48)=1800404352
Python processes:
kp101      10154 88.3  2.3 1514948 180240 pts/1  Rl+  23:36   0:42 python main.py
top - 23:36:50 up 26 min,  2 users,  load average: 2.40, 0.86, 0.63
Threads:  13 total,   2 running,  11 sleeping,   0 stopped,   0 zombie
%Cpu(s):  0.0 us, 50.0 sy,  0.0 ni, 50.0 id,  0.0 wa,  0.0 hi,  0.0 si,  0.0 st 
MiB Mem :   7645.2 total,   6106.5 free,    736.6 used,    918.9 buff/cache     
MiB Swap:    512.0 total,    512.0 free,      0.0 used.   6908.6 avail Mem 

    PID USER      PR  NI    VIRT    RES    SHR S  %CPU  %MEM     TIME+ COMMAND
  10154 kp101     20   0 1514948 180240 106000 R  86.7   2.3   0:42.34 python
  10202 kp101     20   0 1514948 180240 106000 S  33.3   2.3   0:11.83 python
  10199 kp101     20   0 1514948 180240 106000 S  26.7   2.3   0:13.05 python
  10197 kp101     20   0 1514948 180240 106000 R  20.0   2.3   0:12.89 python
  10155 kp101     20   0 1514948 180240 106000 S   0.0   2.3   0:00.07 python
  10156 kp101     20   0 1514948 180240 106000 S   0.0   2.3   0:00.07 python
  10157 kp101     20   0 1514948 180240 106000 S   0.0   2.3   0:00.07 python
  10196 kp101     20   0 1514948 180240 106000 S   0.0   2.3   0:00.00 threade+
  10198 kp101     20   0 1514948 180240 106000 S   0.0   2.3   0:00.00 threade+
  10200 kp101     20   0 1514948 180240 106000 S   0.0   2.3   0:00.00 threade+
  10385 kp101     20   0 1514948 180240 106000 S   0.0   2.3   0:00.00 QDBusCo+
  10386 kp101     20   0 1514948 180240 106000 S   0.0   2.3   0:00.00 Wayland+
  10387 kp101     20   0 1514948 180240 106000 S   0.0   2.3   0:00.00 Wayland+

--- 23:36:52 ---
 4  0      0 6253788  50524 890416    0    0     0     0 8965 10902 63  4 33  0  0
Mem:            7645         738        6104          22         918        6906
temp=74.5'C
frequency(48)=1800404352
Python processes:
kp101      10154 87.8  2.3 1514948 180240 pts/1  Sl+  23:36   0:44 python main.py
top - 23:36:53 up 26 min,  2 users,  load average: 2.40, 0.86, 0.63
Threads:  13 total,   1 running,  12 sleeping,   0 stopped,   0 zombie
%Cpu(s): 50.0 us, 25.0 sy,  0.0 ni, 25.0 id,  0.0 wa,  0.0 hi,  0.0 si,  0.0 st 
MiB Mem :   7645.2 total,   6104.3 free,    738.8 used,    918.9 buff/cache     
MiB Swap:    512.0 total,    512.0 free,      0.0 used.   6906.4 avail Mem 

    PID USER      PR  NI    VIRT    RES    SHR S  %CPU  %MEM     TIME+ COMMAND
  10154 kp101     20   0 1514948 180244 106000 S  80.0   2.3   0:45.12 python
  10197 kp101     20   0 1514948 180244 106000 S  26.7   2.3   0:13.75 python
  10199 kp101     20   0 1514948 180244 106000 S  20.0   2.3   0:13.80 python
  10202 kp101     20   0 1514948 180244 106000 R  13.3   2.3   0:12.70 python
  10155 kp101     20   0 1514948 180244 106000 S   0.0   2.3   0:00.07 python
  10156 kp101     20   0 1514948 180244 106000 S   0.0   2.3   0:00.07 python
  10157 kp101     20   0 1514948 180244 106000 S   0.0   2.3   0:00.07 python
  10196 kp101     20   0 1514948 180244 106000 S   0.0   2.3   0:00.00 threade+
  10198 kp101     20   0 1514948 180244 106000 S   0.0   2.3   0:00.00 threade+
  10200 kp101     20   0 1514948 180244 106000 S   0.0   2.3   0:00.00 threade+
  10385 kp101     20   0 1514948 180244 106000 S   0.0   2.3   0:00.00 QDBusCo+
  10386 kp101     20   0 1514948 180244 106000 S   0.0   2.3   0:00.00 Wayland+
  10387 kp101     20   0 1514948 180244 106000 S   0.0   2.3   0:00.00 Wayland+

--- 23:36:55 ---
 7  0      0 6251052  50524 890404    0    0     0     0 8222 9261 66  3 31  0  0
Mem:            7645         740        6102          22         918        6904
temp=76.4'C
frequency(48)=1800457088
Python processes:
kp101      10154 87.4  2.3 1514948 180244 pts/1  Sl+  23:36   0:47 python main.py
top - 23:36:57 up 26 min,  2 users,  load average: 2.53, 0.91, 0.65
Threads:  13 total,   2 running,  11 sleeping,   0 stopped,   0 zombie
%Cpu(s): 50.0 us, 50.0 sy,  0.0 ni,  0.0 id,  0.0 wa,  0.0 hi,  0.0 si,  0.0 st 
MiB Mem :   7645.2 total,   6102.8 free,    740.3 used,    918.9 buff/cache     
MiB Swap:    512.0 total,    512.0 free,      0.0 used.   6904.9 avail Mem 

    PID USER      PR  NI    VIRT    RES    SHR S  %CPU  %MEM     TIME+ COMMAND
  10154 kp101     20   0 1514948 180244 106000 R  93.3   2.3   0:47.91 python
  10202 kp101     20   0 1514948 180244 106000 S  40.0   2.3   0:13.56 python
  10197 kp101     20   0 1514948 180244 106000 R  26.7   2.3   0:14.70 python
  10199 kp101     20   0 1514948 180244 106000 S  20.0   2.3   0:14.56 python
  10155 kp101     20   0 1514948 180244 106000 S   0.0   2.3   0:00.07 python
  10156 kp101     20   0 1514948 180244 106000 S   0.0   2.3   0:00.07 python
  10157 kp101     20   0 1514948 180244 106000 S   0.0   2.3   0:00.07 python
  10196 kp101     20   0 1514948 180244 106000 S   0.0   2.3   0:00.00 threade+
  10198 kp101     20   0 1514948 180244 106000 S   0.0   2.3   0:00.00 threade+
  10200 kp101     20   0 1514948 180244 106000 S   0.0   2.3   0:00.00 threade+
  10385 kp101     20   0 1514948 180244 106000 S   0.0   2.3   0:00.00 QDBusCo+
  10386 kp101     20   0 1514948 180244 106000 S   0.0   2.3   0:00.00 Wayland+
  10387 kp101     20   0 1514948 180244 106000 S   0.0   2.3   0:00.00 Wayland+

--- 23:36:59 ---
 5  0      0 6250652  50532 890408    0    0     0     0 8207 9502 64  4 32  0  0
Mem:            7645         741        6101          22         918        6903
temp=76.9'C
frequency(48)=1800404352
Python processes:
kp101      10154 87.1  2.3 1514948 180256 pts/1  Sl+  23:36   0:50 python main.py
top - 23:37:00 up 26 min,  2 users,  load average: 2.65, 0.96, 0.67
Threads:  13 total,   1 running,  12 sleeping,   0 stopped,   0 zombie
%Cpu(s): 50.0 us,  0.0 sy,  0.0 ni, 50.0 id,  0.0 wa,  0.0 hi,  0.0 si,  0.0 st 
MiB Mem :   7645.2 total,   6100.2 free,    742.9 used,    918.9 buff/cache     
MiB Swap:    512.0 total,    512.0 free,      0.0 used.   6902.3 avail Mem 

    PID USER      PR  NI    VIRT    RES    SHR S  %CPU  %MEM     TIME+ COMMAND
  10154 kp101     20   0 1514948 180256 106000 S  81.2   2.3   0:50.63 python
  10202 kp101     20   0 1514948 180256 106000 R  37.5   2.3   0:14.45 python
  10199 kp101     20   0 1514948 180256 106000 S  25.0   2.3   0:15.40 python
  10197 kp101     20   0 1514948 180256 106000 S   6.2   2.3   0:15.53 python
  10155 kp101     20   0 1514948 180256 106000 S   0.0   2.3   0:00.07 python
  10156 kp101     20   0 1514948 180256 106000 S   0.0   2.3   0:00.07 python
  10157 kp101     20   0 1514948 180256 106000 S   0.0   2.3   0:00.07 python
  10196 kp101     20   0 1514948 180256 106000 S   0.0   2.3   0:00.00 threade+
  10198 kp101     20   0 1514948 180256 106000 S   0.0   2.3   0:00.00 threade+
  10200 kp101     20   0 1514948 180256 106000 S   0.0   2.3   0:00.00 threade+
  10385 kp101     20   0 1514948 180256 106000 S   0.0   2.3   0:00.00 QDBusCo+
  10386 kp101     20   0 1514948 180256 106000 S   0.0   2.3   0:00.00 Wayland+
  10387 kp101     20   0 1514948 180256 106000 S   0.0   2.3   0:00.00 Wayland+

--- 23:37:02 ---
 4  0      0 6247340  50540 890416    0    0     0     0 8867 10497 63  4 33  0  0
Mem:            7645         741        6101          22         918        6904
temp=76.4'C
frequency(48)=1800457088
Python processes:
kp101      10154 86.5  2.3 1514948 180256 pts/1  Sl+  23:36   0:53 python main.py
top - 23:37:03 up 26 min,  2 users,  load average: 2.65, 0.96, 0.67
Threads:  13 total,   1 running,  12 sleeping,   0 stopped,   0 zombie
%Cpu(s): 50.0 us, 50.0 sy,  0.0 ni,  0.0 id,  0.0 wa,  0.0 hi,  0.0 si,  0.0 st 
MiB Mem :   7645.2 total,   6100.3 free,    742.8 used,    918.9 buff/cache     
MiB Swap:    512.0 total,    512.0 free,      0.0 used.   6902.4 avail Mem 

    PID USER      PR  NI    VIRT    RES    SHR S  %CPU  %MEM     TIME+ COMMAND
  10154 kp101     20   0 1514948 180256 106000 S  93.3   2.3   0:53.24 python
  10202 kp101     20   0 1514948 180256 106000 R  40.0   2.3   0:15.15 python
  10197 kp101     20   0 1514948 180256 106000 S  26.7   2.3   0:16.40 python
  10199 kp101     20   0 1514948 180256 106000 S  20.0   2.3   0:16.25 python
  10155 kp101     20   0 1514948 180256 106000 S   0.0   2.3   0:00.07 python
  10156 kp101     20   0 1514948 180256 106000 S   0.0   2.3   0:00.07 python
  10157 kp101     20   0 1514948 180256 106000 S   0.0   2.3   0:00.07 python
  10196 kp101     20   0 1514948 180256 106000 S   0.0   2.3   0:00.00 threade+
  10198 kp101     20   0 1514948 180256 106000 S   0.0   2.3   0:00.00 threade+
  10200 kp101     20   0 1514948 180256 106000 S   0.0   2.3   0:00.00 threade+
  10385 kp101     20   0 1514948 180256 106000 S   0.0   2.3   0:00.00 QDBusCo+
  10386 kp101     20   0 1514948 180256 106000 S   0.0   2.3   0:00.00 Wayland+
  10387 kp101     20   0 1514948 180256 106000 S   0.0   2.3   0:00.00 Wayland+

--- 23:37:05 ---
 4  0      0 6247072  50540 890416    0    0     0     0 9079 10947 66  4 30  0  0
Mem:            7645         745        6098          22         918        6900
temp=77.4'C
frequency(48)=1800404352
Python processes:
kp101      10154 86.2  2.3 1514948 180260 pts/1  Sl+  23:36   0:55 python main.py
top - 23:37:07 up 26 min,  2 users,  load average: 2.76, 1.01, 0.68
Threads:  13 total,   1 running,  12 sleeping,   0 stopped,   0 zombie
%Cpu(s):  0.0 us,  0.0 sy,  0.0 ni,100.0 id,  0.0 wa,  0.0 hi,  0.0 si,  0.0 st 
MiB Mem :   7645.2 total,   6095.4 free,    747.7 used,    918.9 buff/cache     
MiB Swap:    512.0 total,    512.0 free,      0.0 used.   6897.5 avail Mem 

    PID USER      PR  NI    VIRT    RES    SHR S  %CPU  %MEM     TIME+ COMMAND
  10154 kp101     20   0 1514948 180260 106000 S  75.0   2.3   0:55.91 python
  10199 kp101     20   0 1514948 180260 106000 R  37.5   2.3   0:17.07 python
  10202 kp101     20   0 1514948 180260 106000 S  18.8   2.3   0:15.89 python
  10197 kp101     20   0 1514948 180260 106000 S  12.5   2.3   0:17.22 python
  10155 kp101     20   0 1514948 180260 106000 S   0.0   2.3   0:00.07 python
  10156 kp101     20   0 1514948 180260 106000 S   0.0   2.3   0:00.07 python
  10157 kp101     20   0 1514948 180260 106000 S   0.0   2.3   0:00.07 python
  10196 kp101     20   0 1514948 180260 106000 S   0.0   2.3   0:00.00 threade+
  10198 kp101     20   0 1514948 180260 106000 S   0.0   2.3   0:00.00 threade+
  10200 kp101     20   0 1514948 180260 106000 S   0.0   2.3   0:00.00 threade+
  10385 kp101     20   0 1514948 180260 106000 S   0.0   2.3   0:00.00 QDBusCo+
  10386 kp101     20   0 1514948 180260 106000 S   0.0   2.3   0:00.00 Wayland+
  10387 kp101     20   0 1514948 180260 106000 S   0.0   2.3   0:00.00 Wayland+

--- 23:37:09 ---
 8  0      0 6240792  50548 890420    0    0     0     0 7968 8778 66  4 31  0  0
Mem:            7645         749        6093          22         918        6895
temp=78.4'C
frequency(48)=1800404352
Python processes:
kp101      10154 85.8  2.3 1514948 180260 pts/1  Sl+  23:36   0:58 python main.py
top - 23:37:10 up 26 min,  2 users,  load average: 2.94, 1.08, 0.71
Threads:  13 total,   2 running,  11 sleeping,   0 stopped,   0 zombie
%Cpu(s): 50.0 us, 50.0 sy,  0.0 ni,  0.0 id,  0.0 wa,  0.0 hi,  0.0 si,  0.0 st 
MiB Mem :   7645.2 total,   6089.7 free,    753.4 used,    918.9 buff/cache     
MiB Swap:    512.0 total,    512.0 free,      0.0 used.   6891.8 avail Mem 

    PID USER      PR  NI    VIRT    RES    SHR S  %CPU  %MEM     TIME+ COMMAND
  10154 kp101     20   0 1514948 180260 106000 S  86.7   2.3   0:58.62 python
  10199 kp101     20   0 1514948 180260 106000 S  40.0   2.3   0:17.94 python
  10197 kp101     20   0 1514948 180260 106000 R  33.3   2.3   0:17.99 python
  10202 kp101     20   0 1514948 180260 106000 R  13.3   2.3   0:16.77 python
  10155 kp101     20   0 1514948 180260 106000 S   0.0   2.3   0:00.07 python
  10156 kp101     20   0 1514948 180260 106000 S   0.0   2.3   0:00.07 python
  10157 kp101     20   0 1514948 180260 106000 S   0.0   2.3   0:00.07 python
  10196 kp101     20   0 1514948 180260 106000 S   0.0   2.3   0:00.00 threade+
  10198 kp101     20   0 1514948 180260 106000 S   0.0   2.3   0:00.00 threade+
  10200 kp101     20   0 1514948 180260 106000 S   0.0   2.3   0:00.00 threade+
  10385 kp101     20   0 1514948 180260 106000 S   0.0   2.3   0:00.00 QDBusCo+
  10386 kp101     20   0 1514948 180260 106000 S   0.0   2.3   0:00.00 Wayland+
  10387 kp101     20   0 1514948 180260 106000 S   0.0   2.3   0:00.00 Wayland+

--- 23:37:12 ---
 5  0      0 6235888  50548 890424    0    0     0     0 8455 9681 64  4 33  0  0
Mem:            7645         754        6088          22         918        6891
temp=78.4'C
frequency(48)=1800404352
Python processes:
kp101      10154 85.5  2.3 1515972 180264 pts/1  Rl+  23:36   1:01 python main.py
top - 23:37:13 up 26 min,  2 users,  load average: 2.94, 1.11, 0.72
Threads:  13 total,   1 running,  12 sleeping,   0 stopped,   0 zombie
%Cpu(s): 50.0 us, 50.0 sy,  0.0 ni,  0.0 id,  0.0 wa,  0.0 hi,  0.0 si,  0.0 st 
MiB Mem :   7645.2 total,   6089.4 free,    753.6 used,    918.9 buff/cache     
MiB Swap:    512.0 total,    512.0 free,      0.0 used.   6891.6 avail Mem 

    PID USER      PR  NI    VIRT    RES    SHR S  %CPU  %MEM     TIME+ COMMAND
  10154 kp101     20   0 1515972 180264 106000 S  86.7   2.3   1:01.24 python
  10197 kp101     20   0 1515972 180264 106000 S  46.7   2.3   0:18.84 python
  10202 kp101     20   0 1515972 180264 106000 S  33.3   2.3   0:17.56 python
  10199 kp101     20   0 1515972 180264 106000 R   6.7   2.3   0:18.68 python
  10155 kp101     20   0 1515972 180264 106000 S   0.0   2.3   0:00.07 python
  10156 kp101     20   0 1515972 180264 106000 S   0.0   2.3   0:00.07 python
  10157 kp101     20   0 1515972 180264 106000 S   0.0   2.3   0:00.07 python
  10196 kp101     20   0 1515972 180264 106000 S   0.0   2.3   0:00.00 threade+
  10198 kp101     20   0 1515972 180264 106000 S   0.0   2.3   0:00.00 threade+
  10200 kp101     20   0 1515972 180264 106000 S   0.0   2.3   0:00.00 threade+
  10385 kp101     20   0 1515972 180264 106000 S   0.0   2.3   0:00.00 QDBusCo+
  10386 kp101     20   0 1515972 180264 106000 S   0.0   2.3   0:00.00 Wayland+
  10387 kp101     20   0 1515972 180264 106000 S   0.0   2.3   0:00.00 Wayland+

--- 23:37:15 ---
 4  0      0 6235064  50556 890432    0    0     0     0 7949 8952 68  3 29  0  0
Mem:            7645         756        6086          22         918        6888
temp=79.3'C
frequency(48)=1800457088
Python processes:
kp101      10154 85.3  2.3 1515972 180264 pts/1  Sl+  23:36   1:03 python main.py
top - 23:37:17 up 26 min,  2 users,  load average: 2.94, 1.11, 0.72
Threads:  13 total,   2 running,  11 sleeping,   0 stopped,   0 zombie
%Cpu(s): 50.0 us,  0.0 sy,  0.0 ni, 50.0 id,  0.0 wa,  0.0 hi,  0.0 si,  0.0 st 
MiB Mem :   7645.2 total,   6085.6 free,    757.4 used,    918.9 buff/cache     
MiB Swap:    512.0 total,    512.0 free,      0.0 used.   6887.8 avail Mem 

    PID USER      PR  NI    VIRT    RES    SHR S  %CPU  %MEM     TIME+ COMMAND
  10154 kp101     20   0 1515972 180264 106000 R  81.2   2.3   1:04.03 python
  10197 kp101     20   0 1515972 180264 106000 R  25.0   2.3   0:19.71 python
  10202 kp101     20   0 1515972 180264 106000 S  25.0   2.3   0:18.36 python
  10199 kp101     20   0 1515972 180264 106000 S  18.8   2.3   0:19.56 python
  10155 kp101     20   0 1515972 180264 106000 S   0.0   2.3   0:00.07 python
  10156 kp101     20   0 1515972 180264 106000 S   0.0   2.3   0:00.07 python
  10157 kp101     20   0 1515972 180264 106000 S   0.0   2.3   0:00.07 python
  10196 kp101     20   0 1515972 180264 106000 S   0.0   2.3   0:00.00 threade+
  10198 kp101     20   0 1515972 180264 106000 S   0.0   2.3   0:00.00 threade+
  10200 kp101     20   0 1515972 180264 106000 S   0.0   2.3   0:00.00 threade+
  10385 kp101     20   0 1515972 180264 106000 S   0.0   2.3   0:00.00 QDBusCo+
  10386 kp101     20   0 1515972 180264 106000 S   0.0   2.3   0:00.00 Wayland+
  10387 kp101     20   0 1515972 180264 106000 S   0.0   2.3   0:00.00 Wayland+

--- 23:37:19 ---
 5  0      0 6232508  50564 890432    0    0     0     0 7992 9087 63  3 34  0  0
Mem:            7645         757        6085          22         918        6887
temp=79.3'C
frequency(48)=1800457088
Python processes:
kp101      10154 85.1  2.3 1515972 180264 pts/1  Sl+  23:36   1:06 python main.py
top - 23:37:20 up 27 min,  2 users,  load average: 3.03, 1.16, 0.74
Threads:  13 total,   1 running,  12 sleeping,   0 stopped,   0 zombie
%Cpu(s): 66.7 us, 33.3 sy,  0.0 ni,  0.0 id,  0.0 wa,  0.0 hi,  0.0 si,  0.0 st 
MiB Mem :   7645.2 total,   6083.4 free,    759.6 used,    918.9 buff/cache     
MiB Swap:    512.0 total,    512.0 free,      0.0 used.   6885.6 avail Mem 

    PID USER      PR  NI    VIRT    RES    SHR S  %CPU  %MEM     TIME+ COMMAND
  10154 kp101     20   0 1515972 180264 106000 S  80.0   2.3   1:06.72 python
  10202 kp101     20   0 1515972 180264 106000 S  26.7   2.3   0:19.21 python
  10197 kp101     20   0 1515972 180264 106000 S  20.0   2.3   0:20.55 python
  10199 kp101     20   0 1515972 180264 106000 R  20.0   2.3   0:20.35 python
  10155 kp101     20   0 1515972 180264 106000 S   0.0   2.3   0:00.07 python
  10156 kp101     20   0 1515972 180264 106000 S   0.0   2.3   0:00.07 python
  10157 kp101     20   0 1515972 180264 106000 S   0.0   2.3   0:00.07 python
  10196 kp101     20   0 1515972 180264 106000 S   0.0   2.3   0:00.00 threade+
  10198 kp101     20   0 1515972 180264 106000 S   0.0   2.3   0:00.00 threade+
  10200 kp101     20   0 1515972 180264 106000 S   0.0   2.3   0:00.00 threade+
  10385 kp101     20   0 1515972 180264 106000 S   0.0   2.3   0:00.00 QDBusCo+
  10386 kp101     20   0 1515972 180264 106000 S   0.0   2.3   0:00.00 Wayland+
  10387 kp101     20   0 1515972 180264 106000 S   0.0   2.3   0:00.00 Wayland+

--- 23:37:22 ---
 7  0      0 6227836  50564 890432    0    0     0     0 8605 10180 65  3 31  0  0
Mem:            7645         765        6077          22         918        6879
temp=80.3'C
frequency(48)=1800457088
Python processes:
kp101      10154 84.9  2.3 1515972 180268 pts/1  Sl+  23:36   1:09 python main.py
top - 23:37:24 up 27 min,  2 users,  load average: 3.91, 1.37, 0.81
Threads:  13 total,   1 running,  12 sleeping,   0 stopped,   0 zombie
%Cpu(s):100.0 us,  0.0 sy,  0.0 ni,  0.0 id,  0.0 wa,  0.0 hi,  0.0 si,  0.0 st 
MiB Mem :   7645.2 total,   6075.4 free,    767.6 used,    918.9 buff/cache     
MiB Swap:    512.0 total,    512.0 free,      0.0 used.   6877.6 avail Mem 

    PID USER      PR  NI    VIRT    RES    SHR S  %CPU  %MEM     TIME+ COMMAND
  10154 kp101     20   0 1515972 180268 106000 S  93.3   2.3   1:09.46 python
  10199 kp101     20   0 1515972 180268 106000 R  40.0   2.3   0:21.27 python
  10197 kp101     20   0 1515972 180268 106000 S  26.7   2.3   0:21.30 python
  10202 kp101     20   0 1515972 180268 106000 S  20.0   2.3   0:20.02 python
  10155 kp101     20   0 1515972 180268 106000 S   0.0   2.3   0:00.07 python
  10156 kp101     20   0 1515972 180268 106000 S   0.0   2.3   0:00.07 python
  10157 kp101     20   0 1515972 180268 106000 S   0.0   2.3   0:00.07 python
  10196 kp101     20   0 1515972 180268 106000 S   0.0   2.3   0:00.00 threade+
  10198 kp101     20   0 1515972 180268 106000 S   0.0   2.3   0:00.00 threade+
  10200 kp101     20   0 1515972 180268 106000 S   0.0   2.3   0:00.00 threade+
  10385 kp101     20   0 1515972 180268 106000 S   0.0   2.3   0:00.00 QDBusCo+
  10386 kp101     20   0 1515972 180268 106000 S   0.0   2.3   0:00.00 Wayland+
  10387 kp101     20   0 1515972 180268 106000 S   0.0   2.3   0:00.00 Wayland+

--- 23:37:26 ---
 6  0      0 6221096  50572 890628    0    0   244     0 8664 10150 64  3 33  0  0
Mem:            7645         770        6072          22         919        6874
temp=80.3'C
frequency(48)=1800457088
Python processes:
kp101      10154 84.6  2.3 1515972 180268 pts/1  Sl+  23:36   1:11 python main.py
top - 23:37:27 up 27 min,  2 users,  load average: 3.91, 1.37, 0.81
Threads:  13 total,   2 running,  11 sleeping,   0 stopped,   0 zombie
%Cpu(s): 50.0 us, 50.0 sy,  0.0 ni,  0.0 id,  0.0 wa,  0.0 hi,  0.0 si,  0.0 st 
MiB Mem :   7645.2 total,   6073.1 free,    769.5 used,    919.4 buff/cache     
MiB Swap:    512.0 total,    512.0 free,      0.0 used.   6875.7 avail Mem 

    PID USER      PR  NI    VIRT    RES    SHR S  %CPU  %MEM     TIME+ COMMAND
  10154 kp101     20   0 1515972 180268 106000 R  68.8   2.3   1:12.12 python
  10197 kp101     20   0 1515972 180268 106000 S  31.2   2.3   0:22.09 python
  10199 kp101     20   0 1515972 180268 106000 R  18.8   2.3   0:22.08 python
  10202 kp101     20   0 1515972 180268 106000 S  12.5   2.3   0:20.83 python
  10155 kp101     20   0 1515972 180268 106000 S   0.0   2.3   0:00.07 python
  10156 kp101     20   0 1515972 180268 106000 S   0.0   2.3   0:00.07 python
  10157 kp101     20   0 1515972 180268 106000 S   0.0   2.3   0:00.07 python
  10196 kp101     20   0 1515972 180268 106000 S   0.0   2.3   0:00.00 threade+
  10198 kp101     20   0 1515972 180268 106000 S   0.0   2.3   0:00.00 threade+
  10200 kp101     20   0 1515972 180268 106000 S   0.0   2.3   0:00.00 threade+
  10385 kp101     20   0 1515972 180268 106000 S   0.0   2.3   0:00.00 QDBusCo+
  10386 kp101     20   0 1515972 180268 106000 S   0.0   2.3   0:00.00 Wayland+
  10387 kp101     20   0 1515972 180268 106000 S   0.0   2.3   0:00.00 Wayland+

--- 23:37:29 ---
 6  0      0 6219960  50572 891964    0    0  1272     0 8800 10375 63  5 31  0  0
Mem:            7645         768        6071          22         921        6876
temp=79.8'C
frequency(48)=1800457088
Python processes:
kp101      10154 84.5  2.3 1515972 180268 pts/1  Rl+  23:36   1:14 python main.py
top - 23:37:30 up 27 min,  2 users,  load average: 3.99, 1.43, 0.83
Threads:  13 total,   3 running,  10 sleeping,   0 stopped,   0 zombie
%Cpu(s):100.0 us,  0.0 sy,  0.0 ni,  0.0 id,  0.0 wa,  0.0 hi,  0.0 si,  0.0 st 
MiB Mem :   7645.2 total,   6069.0 free,    770.9 used,    922.1 buff/cache     
MiB Swap:    512.0 total,    512.0 free,      0.0 used.   6874.3 avail Mem 

    PID USER      PR  NI    VIRT    RES    SHR S  %CPU  %MEM     TIME+ COMMAND
  10154 kp101     20   0 1515972 180268 106000 S  86.7   2.3   1:14.87 python
  10197 kp101     20   0 1515972 180268 106000 R  26.7   2.3   0:22.82 python
  10202 kp101     20   0 1515972 180268 106000 R  26.7   2.3   0:21.68 python
  10199 kp101     20   0 1515972 180268 106000 R  20.0   2.3   0:23.01 python
  10155 kp101     20   0 1515972 180268 106000 S   0.0   2.3   0:00.07 python
  10156 kp101     20   0 1515972 180268 106000 S   0.0   2.3   0:00.07 python
  10157 kp101     20   0 1515972 180268 106000 S   0.0   2.3   0:00.07 python
  10196 kp101     20   0 1515972 180268 106000 S   0.0   2.3   0:00.00 threade+
  10198 kp101     20   0 1515972 180268 106000 S   0.0   2.3   0:00.00 threade+
  10200 kp101     20   0 1515972 180268 106000 S   0.0   2.3   0:00.00 threade+
  10385 kp101     20   0 1515972 180268 106000 S   0.0   2.3   0:00.00 QDBusCo+
  10386 kp101     20   0 1515972 180268 106000 S   0.0   2.3   0:00.00 Wayland+
  10387 kp101     20   0 1515972 180268 106000 S   0.0   2.3   0:00.00 Wayland+

--- 23:37:32 ---
 4  0      0 6213464  50596 895872    0    0   424     0 7791 8591 65  4 32  0  0
Mem:            7645         771        6065          22         924        6873
temp=81.3'C
frequency(48)=1800404352
Python processes:
kp101      10154 84.3  2.3 1515972 180268 pts/1  Rl+  23:36   1:17 python main.py
top - 23:37:34 up 27 min,  2 users,  load average: 4.15, 1.51, 0.86
Threads:  13 total,   1 running,  12 sleeping,   0 stopped,   0 zombie
%Cpu(s):100.0 us,  0.0 sy,  0.0 ni,  0.0 id,  0.0 wa,  0.0 hi,  0.0 si,  0.0 st 
MiB Mem :   7645.2 total,   6064.9 free,    772.4 used,    924.8 buff/cache     
MiB Swap:    512.0 total,    512.0 free,      0.0 used.   6872.8 avail Mem 

    PID USER      PR  NI    VIRT    RES    SHR S  %CPU  %MEM     TIME+ COMMAND
  10154 kp101     20   0 1515972 180268 106000 S  81.2   2.3   1:17.54 python
  10197 kp101     20   0 1515972 180268 106000 S  31.2   2.3   0:23.72 python
  10199 kp101     20   0 1515972 180268 106000 R  31.2   2.3   0:23.84 python
  10202 kp101     20   0 1515972 180268 106000 S  25.0   2.3   0:22.41 python
  10155 kp101     20   0 1515972 180268 106000 S   0.0   2.3   0:00.07 python
  10156 kp101     20   0 1515972 180268 106000 S   0.0   2.3   0:00.07 python
  10157 kp101     20   0 1515972 180268 106000 S   0.0   2.3   0:00.07 python
  10196 kp101     20   0 1515972 180268 106000 S   0.0   2.3   0:00.00 threade+
  10198 kp101     20   0 1515972 180268 106000 S   0.0   2.3   0:00.00 threade+
  10200 kp101     20   0 1515972 180268 106000 S   0.0   2.3   0:00.00 threade+
  10385 kp101     20   0 1515972 180268 106000 S   0.0   2.3   0:00.00 QDBusCo+
  10386 kp101     20   0 1515972 180268 106000 S   0.0   2.3   0:00.01 Wayland+
  10387 kp101     20   0 1515972 180268 106000 S   0.0   2.3   0:00.00 Wayland+

--- 23:37:36 ---
 7  0      0 6208684  50596 897208    0    0   600     0 8992 10518 65  4 31  0  0
Mem:            7645         774        6061          22         926        6870
temp=79.8'C
frequency(48)=1800457088
Python processes:
kp101      10154 84.1  2.3 1515972 180268 pts/1  Sl+  23:36   1:19 python main.py
top - 23:37:37 up 27 min,  2 users,  load average: 4.15, 1.51, 0.86
Threads:  13 total,   1 running,  12 sleeping,   0 stopped,   0 zombie
%Cpu(s): 50.0 us,  0.0 sy,  0.0 ni, 50.0 id,  0.0 wa,  0.0 hi,  0.0 si,  0.0 st 
MiB Mem :   7645.2 total,   6058.8 free,    777.0 used,    926.2 buff/cache     
MiB Swap:    512.0 total,    512.0 free,      0.0 used.   6868.2 avail Mem 

    PID USER      PR  NI    VIRT    RES    SHR S  %CPU  %MEM     TIME+ COMMAND
  10154 kp101     20   0 1515972 180268 106000 S  86.7   2.3   1:20.15 python
  10197 kp101     20   0 1515972 180268 106000 S  33.3   2.3   0:24.50 python
  10202 kp101     20   0 1515972 180268 106000 S  26.7   2.3   0:23.22 python
  10199 kp101     20   0 1515972 180268 106000 R  20.0   2.3   0:24.61 python
  10155 kp101     20   0 1515972 180268 106000 S   0.0   2.3   0:00.07 python
  10156 kp101     20   0 1515972 180268 106000 S   0.0   2.3   0:00.07 python
  10157 kp101     20   0 1515972 180268 106000 S   0.0   2.3   0:00.07 python
  10196 kp101     20   0 1515972 180268 106000 S   0.0   2.3   0:00.00 threade+
  10198 kp101     20   0 1515972 180268 106000 S   0.0   2.3   0:00.00 threade+
  10200 kp101     20   0 1515972 180268 106000 S   0.0   2.3   0:00.00 threade+
  10385 kp101     20   0 1515972 180268 106000 S   0.0   2.3   0:00.00 QDBusCo+
  10386 kp101     20   0 1515972 180268 106000 S   0.0   2.3   0:00.01 Wayland+
  10387 kp101     20   0 1515972 180268 106000 S   0.0   2.3   0:00.00 Wayland+

--- 23:37:39 ---
 5  0      0 6204164  50604 898292    0    0   540     0 7965 8883 67  3 30  0  0
Mem:            7645         777        6057          22         927        6867
temp=79.8'C
frequency(48)=1800457088
Python processes:
kp101      10154 84.0  2.3 1515972 180268 pts/1  Sl+  23:36   1:22 python main.py
top - 23:37:41 up 27 min,  2 users,  load average: 4.30, 1.58, 0.89
Threads:  13 total,   2 running,  11 sleeping,   0 stopped,   0 zombie
%Cpu(s):  0.0 us,  0.0 sy,  0.0 ni,100.0 id,  0.0 wa,  0.0 hi,  0.0 si,  0.0 st 
MiB Mem :   7645.2 total,   6056.5 free,    778.4 used,    927.2 buff/cache     
MiB Swap:    512.0 total,    512.0 free,      0.0 used.   6866.8 avail Mem 

    PID USER      PR  NI    VIRT    RES    SHR S  %CPU  %MEM     TIME+ COMMAND
  10154 kp101     20   0 1515972 180268 106000 S  80.0   2.3   1:23.01 python
  10197 kp101     20   0 1515972 180268 106000 R  40.0   2.3   0:25.42 python
  10199 kp101     20   0 1515972 180268 106000 R  26.7   2.3   0:25.46 python
  10202 kp101     20   0 1515972 180268 106000 S  13.3   2.3   0:24.09 python
  10196 kp101     20   0 1515972 180268 106000 S   6.7   2.3   0:00.01 threade+
  10155 kp101     20   0 1515972 180268 106000 S   0.0   2.3   0:00.07 python
  10156 kp101     20   0 1515972 180268 106000 S   0.0   2.3   0:00.07 python
  10157 kp101     20   0 1515972 180268 106000 S   0.0   2.3   0:00.07 python
  10198 kp101     20   0 1515972 180268 106000 S   0.0   2.3   0:00.01 threade+
  10200 kp101     20   0 1515972 180268 106000 S   0.0   2.3   0:00.00 threade+
  10385 kp101     20   0 1515972 180268 106000 S   0.0   2.3   0:00.00 QDBusCo+
  10386 kp101     20   0 1515972 180268 106000 S   0.0   2.3   0:00.01 Wayland+
  10387 kp101     20   0 1515972 180268 106000 S   0.0   2.3   0:00.00 Wayland+

--- 23:37:43 ---
 5  0      0 6201632  50636 899440    0    0   516     0 8557 9726 66  3 30  0  0
Mem:            7645         777        6056          22         928        6867
temp=81.3'C
frequency(48)=1800457088
Python processes:
kp101      10154 83.9  2.3 1515972 180276 pts/1  Rl+  23:36   1:25 python main.py
top - 23:37:44 up 27 min,  2 users,  load average: 4.44, 1.66, 0.92
Threads:  13 total,   1 running,  12 sleeping,   0 stopped,   0 zombie
%Cpu(s):100.0 us,  0.0 sy,  0.0 ni,  0.0 id,  0.0 wa,  0.0 hi,  0.0 si,  0.0 st 
MiB Mem :   7645.2 total,   6054.1 free,    779.7 used,    928.3 buff/cache     
MiB Swap:    512.0 total,    512.0 free,      0.0 used.   6865.5 avail Mem 

    PID USER      PR  NI    VIRT    RES    SHR S  %CPU  %MEM     TIME+ COMMAND
  10154 kp101     20   0 1515972 180276 106000 S  86.7   2.3   1:25.68 python
  10202 kp101     20   0 1515972 180276 106000 S  40.0   2.3   0:24.97 python
  10199 kp101     20   0 1515972 180276 106000 S  26.7   2.3   0:26.34 python
  10197 kp101     20   0 1515972 180276 106000 R  13.3   2.3   0:26.07 python
  10155 kp101     20   0 1515972 180276 106000 S   0.0   2.3   0:00.07 python
  10156 kp101     20   0 1515972 180276 106000 S   0.0   2.3   0:00.07 python
  10157 kp101     20   0 1515972 180276 106000 S   0.0   2.3   0:00.07 python
  10196 kp101     20   0 1515972 180276 106000 S   0.0   2.3   0:00.01 threade+
  10198 kp101     20   0 1515972 180276 106000 S   0.0   2.3   0:00.01 threade+
  10200 kp101     20   0 1515972 180276 106000 S   0.0   2.3   0:00.00 threade+
  10385 kp101     20   0 1515972 180276 106000 S   0.0   2.3   0:00.00 QDBusCo+
  10386 kp101     20   0 1515972 180276 106000 S   0.0   2.3   0:00.01 Wayland+
  10387 kp101     20   0 1515972 180276 106000 S   0.0   2.3   0:00.01 Wayland+

--- 23:37:46 ---
 5  0      0 6200816  50676 900316    0    0   212     0 8497 9852 65  5 31  0  0
Mem:            7645         779        6053          22         928        6865
temp=81.3'C
frequency(48)=1775408256
Python processes:
kp101      10154 83.8  2.3 1515972 180276 pts/1  Sl+  23:36   1:28 python main.py
top - 23:37:47 up 27 min,  2 users,  load average: 4.44, 1.66, 0.92
Threads:  13 total,   2 running,  11 sleeping,   0 stopped,   0 zombie
%Cpu(s): 50.0 us,  0.0 sy,  0.0 ni, 50.0 id,  0.0 wa,  0.0 hi,  0.0 si,  0.0 st 
MiB Mem :   7645.2 total,   6052.6 free,    780.7 used,    928.9 buff/cache     
MiB Swap:    512.0 total,    512.0 free,      0.0 used.   6864.5 avail Mem 

    PID USER      PR  NI    VIRT    RES    SHR S  %CPU  %MEM     TIME+ COMMAND
  10154 kp101     20   0 1515972 180276 106000 R  87.5   2.3   1:28.42 python
  10199 kp101     20   0 1515972 180276 106000 R  31.2   2.3   0:27.18 python
  10197 kp101     20   0 1515972 180276 106000 S  25.0   2.3   0:26.93 python
  10202 kp101     20   0 1515972 180276 106000 S  25.0   2.3   0:25.79 python
  10155 kp101     20   0 1515972 180276 106000 S   0.0   2.3   0:00.07 python
  10156 kp101     20   0 1515972 180276 106000 S   0.0   2.3   0:00.07 python
  10157 kp101     20   0 1515972 180276 106000 S   0.0   2.3   0:00.07 python
  10196 kp101     20   0 1515972 180276 106000 S   0.0   2.3   0:00.01 threade+
  10198 kp101     20   0 1515972 180276 106000 S   0.0   2.3   0:00.01 threade+
  10200 kp101     20   0 1515972 180276 106000 S   0.0   2.3   0:00.01 threade+
  10385 kp101     20   0 1515972 180276 106000 S   0.0   2.3   0:00.00 QDBusCo+
  10386 kp101     20   0 1515972 180276 106000 S   0.0   2.3   0:00.01 Wayland+
  10387 kp101     20   0 1515972 180276 106000 S   0.0   2.3   0:00.01 Wayland+

--- 23:37:49 ---
 5  0      0 6199232  50684 901024    0    0   152     0 7598 8176 64  3 33  0  0
Mem:            7645         782        6050          22         929        6862
temp=80.8'C
frequency(48)=1800457088
Python processes:
kp101      10154 83.7  2.3 1515972 180276 pts/1  Sl+  23:36   1:30 python main.py
top - 23:37:51 up 27 min,  2 users,  load average: 4.40, 1.69, 0.93
Threads:  13 total,   1 running,  12 sleeping,   0 stopped,   0 zombie
%Cpu(s):100.0 us,  0.0 sy,  0.0 ni,  0.0 id,  0.0 wa,  0.0 hi,  0.0 si,  0.0 st 
MiB Mem :   7645.2 total,   6050.9 free,    781.7 used,    929.6 buff/cache     
MiB Swap:    512.0 total,    512.0 free,      0.0 used.   6863.5 avail Mem 

    PID USER      PR  NI    VIRT    RES    SHR S  %CPU  %MEM     TIME+ COMMAND
  10154 kp101     20   0 1515972 180276 106000 S  81.2   2.3   1:31.09 python
  10197 kp101     20   0 1515972 180276 106000 R  31.2   2.3   0:27.79 python
  10199 kp101     20   0 1515972 180276 106000 S  25.0   2.3   0:28.00 python
  10202 kp101     20   0 1515972 180276 106000 S  18.8   2.3   0:26.62 python
  10155 kp101     20   0 1515972 180276 106000 S   0.0   2.3   0:00.07 python
  10156 kp101     20   0 1515972 180276 106000 S   0.0   2.3   0:00.07 python
  10157 kp101     20   0 1515972 180276 106000 S   0.0   2.3   0:00.07 python
  10196 kp101     20   0 1515972 180276 106000 S   0.0   2.3   0:00.01 threade+
  10198 kp101     20   0 1515972 180276 106000 S   0.0   2.3   0:00.01 threade+
  10200 kp101     20   0 1515972 180276 106000 S   0.0   2.3   0:00.01 threade+
  10385 kp101     20   0 1515972 180276 106000 S   0.0   2.3   0:00.00 QDBusCo+
  10386 kp101     20   0 1515972 180276 106000 S   0.0   2.3   0:00.01 Wayland+
  10387 kp101     20   0 1515972 180276 106000 S   0.0   2.3   0:00.01 Wayland+

--- 23:37:53 ---
 6  0      0 6196472  50684 901620    0    0   500     0 7493 7987 67  3 30  0  0
Mem:            7645         782        6049          22         930        6862
temp=81.8'C
frequency(48)=1800404352
Python processes:
kp101      10154 83.6  2.3 1515972 180276 pts/1  Sl+  23:36   1:33 python main.py
top - 23:37:54 up 27 min,  2 users,  load average: 4.37, 1.73, 0.95
Threads:  13 total,   1 running,  12 sleeping,   0 stopped,   0 zombie
%Cpu(s):100.0 us,  0.0 sy,  0.0 ni,  0.0 id,  0.0 wa,  0.0 hi,  0.0 si,  0.0 st 
MiB Mem :   7645.2 total,   6047.3 free,    784.3 used,    930.6 buff/cache     
MiB Swap:    512.0 total,    512.0 free,      0.0 used.   6860.9 avail Mem 

    PID USER      PR  NI    VIRT    RES    SHR S  %CPU  %MEM     TIME+ COMMAND
  10154 kp101     20   0 1515972 180276 106000 S  73.3   2.3   1:33.89 python
  10202 kp101     20   0 1515972 180276 106000 S  40.0   2.3   0:27.54 python
  10199 kp101     20   0 1515972 180276 106000 R  26.7   2.3   0:28.92 python
  10197 kp101     20   0 1515972 180276 106000 S   6.7   2.3   0:28.55 python
  10155 kp101     20   0 1515972 180276 106000 S   0.0   2.3   0:00.07 python
  10156 kp101     20   0 1515972 180276 106000 S   0.0   2.3   0:00.07 python
  10157 kp101     20   0 1515972 180276 106000 S   0.0   2.3   0:00.07 python
  10196 kp101     20   0 1515972 180276 106000 S   0.0   2.3   0:00.01 threade+
  10198 kp101     20   0 1515972 180276 106000 S   0.0   2.3   0:00.01 threade+
  10200 kp101     20   0 1515972 180276 106000 S   0.0   2.3   0:00.01 threade+
  10385 kp101     20   0 1515972 180276 106000 S   0.0   2.3   0:00.00 QDBusCo+
  10386 kp101     20   0 1515972 180276 106000 S   0.0   2.3   0:00.01 Wayland+
  10387 kp101     20   0 1515972 180276 106000 S   0.0   2.3   0:00.01 Wayland+

--- 23:37:56 ---
 5  0      0 6193640  50700 902724    0    0   192     0 7556 8167 65  3 32  0  0
Mem:            7645         785        6045          22         931        6859
temp=82.3'C
frequency(48)=1775408256
Python processes:
kp101      10154 83.6  2.3 1515972 180276 pts/1  Rl+  23:36   1:36 python main.py
top - 23:37:57 up 27 min,  2 users,  load average: 4.37, 1.73, 0.95
Threads:  13 total,   1 running,  12 sleeping,   0 stopped,   0 zombie
%Cpu(s):100.0 us,  0.0 sy,  0.0 ni,  0.0 id,  0.0 wa,  0.0 hi,  0.0 si,  0.0 st 
MiB Mem :   7645.2 total,   6045.7 free,    785.3 used,    931.3 buff/cache     
MiB Swap:    512.0 total,    512.0 free,      0.0 used.   6859.9 avail Mem 

    PID USER      PR  NI    VIRT    RES    SHR S  %CPU  %MEM     TIME+ COMMAND
  10154 kp101     20   0 1515972 180276 106000 S  80.0   2.3   1:36.68 python
  10197 kp101     20   0 1515972 180276 106000 S  26.7   2.3   0:29.49 python
  10199 kp101     20   0 1515972 180276 106000 S  26.7   2.3   0:29.64 python
  10202 kp101     20   0 1515972 180276 106000 R  20.0   2.3   0:28.45 python
  10155 kp101     20   0 1515972 180276 106000 S   0.0   2.3   0:00.07 python
  10156 kp101     20   0 1515972 180276 106000 S   0.0   2.3   0:00.07 python
  10157 kp101     20   0 1515972 180276 106000 S   0.0   2.3   0:00.07 python
  10196 kp101     20   0 1515972 180276 106000 S   0.0   2.3   0:00.01 threade+
  10198 kp101     20   0 1515972 180276 106000 S   0.0   2.3   0:00.01 threade+
  10200 kp101     20   0 1515972 180276 106000 S   0.0   2.3   0:00.01 threade+
  10385 kp101     20   0 1515972 180276 106000 S   0.0   2.3   0:00.00 QDBusCo+
  10386 kp101     20   0 1515972 180276 106000 S   0.0   2.3   0:00.01 Wayland+
  10387 kp101     20   0 1515972 180276 106000 S   0.0   2.3   0:00.01 Wayland+

--- 23:37:59 ---
 5  0      0 6190400  50712 903660    0    0   160     0 8171 9169 66  3 31  0  0
Mem:            7645         787        6043          22         932        6858
temp=81.8'C
frequency(48)=1800457088
Python processes:
kp101      10154 83.5  2.3 1515972 180276 pts/1  Rl+  23:36   1:39 python main.py
top - 23:38:01 up 27 min,  2 users,  load average: 4.34, 1.77, 0.97
Threads:  13 total,   1 running,  12 sleeping,   0 stopped,   0 zombie
%Cpu(s):100.0 us,  0.0 sy,  0.0 ni,  0.0 id,  0.0 wa,  0.0 hi,  0.0 si,  0.0 st 
MiB Mem :   7645.2 total,   6040.8 free,    789.2 used,    932.2 buff/cache     
MiB Swap:    512.0 total,    512.0 free,      0.0 used.   6856.0 avail Mem 

    PID USER      PR  NI    VIRT    RES    SHR S  %CPU  %MEM     TIME+ COMMAND
  10154 kp101     20   0 1515972 180276 106000 S  81.2   2.3   1:39.46 python
  10197 kp101     20   0 1515972 180276 106000 S  31.2   2.3   0:30.34 python
  10202 kp101     20   0 1515972 180276 106000 S  31.2   2.3   0:29.31 python
  10199 kp101     20   0 1515972 180276 106000 R  12.5   2.3   0:30.51 python
  10155 kp101     20   0 1515972 180276 106000 S   0.0   2.3   0:00.07 python
  10156 kp101     20   0 1515972 180276 106000 S   0.0   2.3   0:00.07 python
  10157 kp101     20   0 1515972 180276 106000 S   0.0   2.3   0:00.07 python
  10196 kp101     20   0 1515972 180276 106000 S   0.0   2.3   0:00.01 threade+
  10198 kp101     20   0 1515972 180276 106000 S   0.0   2.3   0:00.01 threade+
  10200 kp101     20   0 1515972 180276 106000 S   0.0   2.3   0:00.01 threade+
  10385 kp101     20   0 1515972 180276 106000 S   0.0   2.3   0:00.00 QDBusCo+
  10386 kp101     20   0 1515972 180276 106000 S   0.0   2.3   0:00.01 Wayland+
  10387 kp101     20   0 1515972 180276 106000 S   0.0   2.3   0:00.01 Wayland+

--- 23:38:03 ---
 6  0      0 6186844  50732 904312    0    0   256     0 7464 8010 65  4 31  0  0
Mem:            7645         787        6041          22         932        6857
temp=82.3'C
frequency(48)=1726417920
Python processes:
kp101      10154 83.5  2.3 1515972 180276 pts/1  Sl+  23:36   1:42 python main.py
top - 23:38:04 up 27 min,  2 users,  load average: 4.63, 1.87, 1.00
Threads:  13 total,   2 running,  11 sleeping,   0 stopped,   0 zombie
%Cpu(s): 50.0 us, 25.0 sy,  0.0 ni, 25.0 id,  0.0 wa,  0.0 hi,  0.0 si,  0.0 st 
MiB Mem :   7645.2 total,   6039.2 free,    790.2 used,    932.9 buff/cache     
MiB Swap:    512.0 total,    512.0 free,      0.0 used.   6855.0 avail Mem 

    PID USER      PR  NI    VIRT    RES    SHR S  %CPU  %MEM     TIME+ COMMAND
  10154 kp101     20   0 1515972 180280 106000 S  81.2   2.3   1:42.28 python
  10202 kp101     20   0 1515972 180280 106000 R  31.2   2.3   0:30.24 python
  10199 kp101     20   0 1515972 180280 106000 S  25.0   2.3   0:31.37 python
  10197 kp101     20   0 1515972 180280 106000 R  18.8   2.3   0:31.22 python
  10155 kp101     20   0 1515972 180280 106000 S   0.0   2.3   0:00.07 python
  10156 kp101     20   0 1515972 180280 106000 S   0.0   2.3   0:00.07 python
  10157 kp101     20   0 1515972 180280 106000 S   0.0   2.3   0:00.07 python
  10196 kp101     20   0 1515972 180280 106000 S   0.0   2.3   0:00.01 threade+
  10198 kp101     20   0 1515972 180280 106000 S   0.0   2.3   0:00.01 threade+
  10200 kp101     20   0 1515972 180280 106000 S   0.0   2.3   0:00.01 threade+
  10385 kp101     20   0 1515972 180280 106000 S   0.0   2.3   0:00.00 QDBusCo+
  10386 kp101     20   0 1515972 180280 106000 S   0.0   2.3   0:00.01 Wayland+
  10387 kp101     20   0 1515972 180280 106000 S   0.0   2.3   0:00.01 Wayland+

--- 23:38:06 ---
 9  0      0 6183720  50752 905032    0    0     4     0 8151 9463 68  3 30  0  0
Mem:            7645         792        6036          22         933        6852
temp=82.3'C
frequency(48)=1775460992
Python processes:
kp101      10154 83.5  2.3 1515972 180280 pts/1  Sl+  23:36   1:44 python main.py
top - 23:38:08 up 27 min,  2 users,  load average: 4.63, 1.87, 1.00
Threads:  13 total,   2 running,  11 sleeping,   0 stopped,   0 zombie
%Cpu(s):100.0 us,  0.0 sy,  0.0 ni,  0.0 id,  0.0 wa,  0.0 hi,  0.0 si,  0.0 st 
MiB Mem :   7645.2 total,   6036.1 free,    792.8 used,    933.4 buff/cache     
MiB Swap:    512.0 total,    512.0 free,      0.0 used.   6852.4 avail Mem 

    PID USER      PR  NI    VIRT    RES    SHR S  %CPU  %MEM     TIME+ COMMAND
  10154 kp101     20   0 1515972 180280 106000 S  93.8   2.3   1:45.11 python
  10197 kp101     20   0 1515972 180280 106000 R  31.2   2.3   0:32.05 python
  10202 kp101     20   0 1515972 180280 106000 R  31.2   2.3   0:31.17 python
  10199 kp101     20   0 1515972 180280 106000 S  25.0   2.3   0:32.23 python
  10155 kp101     20   0 1515972 180280 106000 S   0.0   2.3   0:00.07 python
  10156 kp101     20   0 1515972 180280 106000 S   0.0   2.3   0:00.07 python
  10157 kp101     20   0 1515972 180280 106000 S   0.0   2.3   0:00.07 python
  10196 kp101     20   0 1515972 180280 106000 S   0.0   2.3   0:00.01 threade+
  10198 kp101     20   0 1515972 180280 106000 S   0.0   2.3   0:00.01 threade+
  10200 kp101     20   0 1515972 180280 106000 S   0.0   2.3   0:00.01 threade+
  10385 kp101     20   0 1515972 180280 106000 S   0.0   2.3   0:00.00 QDBusCo+
  10386 kp101     20   0 1515972 180280 106000 S   0.0   2.3   0:00.01 Wayland+
  10387 kp101     20   0 1515972 180280 106000 S   0.0   2.3   0:00.01 Wayland+

--- 23:38:10 ---
 5  0      0 6183432  50752 905092    0    0     0     0 8547 9637 66  4 31  0  0
Mem:            7645         792        6036          22         933        6852
temp=82.7'C
frequency(48)=1775460992
Python processes:
kp101      10154 83.5  2.3 1515972 180344 pts/1  Sl+  23:36   1:47 python main.py
top - 23:38:11 up 27 min,  2 users,  load average: 4.66, 1.93, 1.03
Threads:  13 total,   2 running,  11 sleeping,   0 stopped,   0 zombie
%Cpu(s):100.0 us,  0.0 sy,  0.0 ni,  0.0 id,  0.0 wa,  0.0 hi,  0.0 si,  0.0 st 
MiB Mem :   7645.2 total,   6037.2 free,    791.7 used,    933.4 buff/cache     
MiB Swap:    512.0 total,    512.0 free,      0.0 used.   6853.5 avail Mem 

    PID USER      PR  NI    VIRT    RES    SHR S  %CPU  %MEM     TIME+ COMMAND
  10154 kp101     20   0 1515972 180344 106064 S  81.2   2.3   1:47.87 python
  10197 kp101     20   0 1515972 180344 106064 R  25.0   2.3   0:32.92 python
  10202 kp101     20   0 1515972 180344 106064 S  25.0   2.3   0:31.94 python
  10199 kp101     20   0 1515972 180344 106064 S  18.8   2.3   0:33.12 python
  10155 kp101     20   0 1515972 180344 106064 S   0.0   2.3   0:00.07 python
  10156 kp101     20   0 1515972 180344 106064 S   0.0   2.3   0:00.07 python
  10157 kp101     20   0 1515972 180344 106064 S   0.0   2.3   0:00.07 python
  10196 kp101     20   0 1515972 180344 106064 S   0.0   2.3   0:00.01 threade+
  10198 kp101     20   0 1515972 180344 106064 S   0.0   2.3   0:00.01 threade+
  10200 kp101     20   0 1515972 180344 106064 S   0.0   2.3   0:00.01 threade+
  10385 kp101     20   0 1515972 180344 106064 S   0.0   2.3   0:00.00 QDBusCo+
  10386 kp101     20   0 1515972 180344 106064 S   0.0   2.3   0:00.02 Wayland+
  10387 kp101     20   0 1515972 180344 106064 R   0.0   2.3   0:00.01 Wayland+

--- 23:38:13 ---
 2  0      0 6224436  50776 904364    0    0     0     0 11017 12128 67 14 19  0  0
Mem:            7645         557        6271          20         931        7088
temp=81.8'C
frequency(48)=1800457088
Python processes:
kp101      10154 83.4  2.3 1515972 180580 pts/1  Sl+  23:36   1:50 python main.py
top - 23:38:14 up 27 min,  2 users,  load average: 4.77, 2.00, 1.05
Threads:  13 total,   1 running,  12 sleeping,   0 stopped,   0 zombie
%Cpu(s): 50.0 us, 50.0 sy,  0.0 ni,  0.0 id,  0.0 wa,  0.0 hi,  0.0 si,  0.0 st 
MiB Mem :   7645.2 total,   6271.2 free,    557.7 used,    931.2 buff/cache     
MiB Swap:    512.0 total,    512.0 free,      0.0 used.   7087.5 avail Mem 

    PID USER      PR  NI    VIRT    RES    SHR S  %CPU  %MEM     TIME+ COMMAND
  10154 kp101     20   0 1515972 180580 106184 S  93.8   2.3   1:50.64 python
  10197 kp101     20   0 1515972 180580 106184 S  31.2   2.3   0:33.84 python
  10202 kp101     20   0 1515972 180580 106184 S  31.2   2.3   0:32.83 python
  10199 kp101     20   0 1515972 180580 106184 R  25.0   2.3   0:34.02 python
  10155 kp101     20   0 1515972 180580 106184 S   0.0   2.3   0:00.07 python
  10156 kp101     20   0 1515972 180580 106184 S   0.0   2.3   0:00.07 python
  10157 kp101     20   0 1515972 180580 106184 S   0.0   2.3   0:00.07 python
  10196 kp101     20   0 1515972 180580 106184 S   0.0   2.3   0:00.01 threade+
  10198 kp101     20   0 1515972 180580 106184 S   0.0   2.3   0:00.01 threade+
  10200 kp101     20   0 1515972 180580 106184 S   0.0   2.3   0:00.01 threade+
  10385 kp101     20   0 1515972 180580 106184 S   0.0   2.3   0:00.00 QDBusCo+
  10386 kp101     20   0 1515972 180580 106184 S   0.0   2.3   0:00.02 Wayland+
  10387 kp101     20   0 1515972 180580 106184 S   0.0   2.3   0:00.02 Wayland+

--- 23:38:16 ---
 1  0      0 6533584  50776 899100    0    0     0     0 5875 4619  4  1 95  0  0
Mem:            7645         448        6380          16         927        7196
temp=78.8'C
frequency(48)=1800457088

--- 23:38:19 ---
 1  0      0 6537144  50784 899100    0    0     0     0 3695 3491  5  0 95  0  0
Mem:            7645         444        6384          16         927        7200
temp=77.4'C
frequency(48)=700207040

